Component: ARM Compiler 6.16 Tool: armlink [5dfeaa00]

==============================================================================

Section Cross References

    main.o(.text.main) refers to main.o(.text.__NVIC_SetPriorityGrouping) for __NVIC_SetPriorityGrouping
    main.o(.text.main) refers to board_key.o(.text.board_key_init) for board_key_init
    main.o(.text.main) refers to board_led.o(.text.board_led_init) for board_led_init
    main.o(.text.main) refers to board_uart1.o(.text.board_uart1_init) for board_uart1_init
    main.o(.text.main) refers to mcu_tim11.o(.text.mcu_tim11_init) for mcu_tim11_init
    main.o(.text.main) refers to board_led.o(.text.board_led_toggle) for board_led_toggle
    main.o(.text.main) refers to board_uart1.o(.text.uart1_datapack_handler) for uart1_datapack_handler
    main.o(.text.main) refers to mcu_tim11.o(.text.TIM11_Delay_ms) for TIM11_Delay_ms
    main.o(.ARM.exidx.text.main) refers to main.o(.text.main) for [Anonymous Symbol]
    main.o(.ARM.exidx.text.__NVIC_SetPriorityGrouping) refers to main.o(.text.__NVIC_SetPriorityGrouping) for [Anonymous Symbol]
    stm32f4xx_it.o(.ARM.exidx.text.NMI_Handler) refers to stm32f4xx_it.o(.text.NMI_Handler) for [Anonymous Symbol]
    stm32f4xx_it.o(.ARM.exidx.text.HardFault_Handler) refers to stm32f4xx_it.o(.text.HardFault_Handler) for [Anonymous Symbol]
    stm32f4xx_it.o(.ARM.exidx.text.MemManage_Handler) refers to stm32f4xx_it.o(.text.MemManage_Handler) for [Anonymous Symbol]
    stm32f4xx_it.o(.ARM.exidx.text.BusFault_Handler) refers to stm32f4xx_it.o(.text.BusFault_Handler) for [Anonymous Symbol]
    stm32f4xx_it.o(.ARM.exidx.text.UsageFault_Handler) refers to stm32f4xx_it.o(.text.UsageFault_Handler) for [Anonymous Symbol]
    stm32f4xx_it.o(.ARM.exidx.text.SVC_Handler) refers to stm32f4xx_it.o(.text.SVC_Handler) for [Anonymous Symbol]
    stm32f4xx_it.o(.ARM.exidx.text.DebugMon_Handler) refers to stm32f4xx_it.o(.text.DebugMon_Handler) for [Anonymous Symbol]
    stm32f4xx_it.o(.ARM.exidx.text.PendSV_Handler) refers to stm32f4xx_it.o(.text.PendSV_Handler) for [Anonymous Symbol]
    stm32f4xx_it.o(.ARM.exidx.text.SysTick_Handler) refers to stm32f4xx_it.o(.text.SysTick_Handler) for [Anonymous Symbol]
    board_key.o(.ARM.exidx.text.board_key_init) refers to board_key.o(.text.board_key_init) for [Anonymous Symbol]
    board_key.o(.ARM.exidx.text.board_key_pressed) refers to board_key.o(.text.board_key_pressed) for [Anonymous Symbol]
    board_key.o(.ARM.exidx.text.delay_20ms) refers to board_key.o(.text.delay_20ms) for [Anonymous Symbol]
    board_key.o(.text.board_key_scan) refers to board_key.o(.text.board_key_pressed) for board_key_pressed
    board_key.o(.ARM.exidx.text.board_key_scan) refers to board_key.o(.text.board_key_scan) for [Anonymous Symbol]
    board_led.o(.text.board_led_init) refers to board_led.o(.text.board_led_off) for board_led_off
    board_led.o(.ARM.exidx.text.board_led_init) refers to board_led.o(.text.board_led_init) for [Anonymous Symbol]
    board_led.o(.ARM.exidx.text.board_led_off) refers to board_led.o(.text.board_led_off) for [Anonymous Symbol]
    board_led.o(.ARM.exidx.text.board_led_on) refers to board_led.o(.text.board_led_on) for [Anonymous Symbol]
    board_led.o(.ARM.exidx.text.board_led_toggle) refers to board_led.o(.text.board_led_toggle) for [Anonymous Symbol]
    board_uart1.o(.ARM.exidx.text.board_uart1_send_char) refers to board_uart1.o(.text.board_uart1_send_char) for [Anonymous Symbol]
    board_uart1.o(.text.board_uart1_send_string) refers to board_uart1.o(.text.board_uart1_send_char) for board_uart1_send_char
    board_uart1.o(.ARM.exidx.text.board_uart1_send_string) refers to board_uart1.o(.text.board_uart1_send_string) for [Anonymous Symbol]
    board_uart1.o(.text.board_uart1_get_char) refers to board_uart1.o(.bss.usart1_rb_handle) for usart1_rb_handle
    board_uart1.o(.text.board_uart1_get_char) refers to rb.o(.text.rb_get_len_can_read) for rb_get_len_can_read
    board_uart1.o(.text.board_uart1_get_char) refers to rb.o(.text.rb_read) for rb_read
    board_uart1.o(.ARM.exidx.text.board_uart1_get_char) refers to board_uart1.o(.text.board_uart1_get_char) for [Anonymous Symbol]
    board_uart1.o(.text.board_uart1_init) refers to board_uart1.o(.bss.usart1_rx_rxne_rb) for usart1_rx_rxne_rb
    board_uart1.o(.text.board_uart1_init) refers to board_uart1.o(.bss.usart1_rb_handle) for usart1_rb_handle
    board_uart1.o(.text.board_uart1_init) refers to rb.o(.text.rb_init) for rb_init
    board_uart1.o(.text.board_uart1_init) refers to board_uart1.o(.text.__NVIC_GetPriorityGrouping) for __NVIC_GetPriorityGrouping
    board_uart1.o(.text.board_uart1_init) refers to board_uart1.o(.text.NVIC_EncodePriority) for NVIC_EncodePriority
    board_uart1.o(.text.board_uart1_init) refers to board_uart1.o(.text.__NVIC_SetPriority) for __NVIC_SetPriority
    board_uart1.o(.text.board_uart1_init) refers to board_uart1.o(.text.__NVIC_EnableIRQ) for __NVIC_EnableIRQ
[...]
    stm32f4xx_rcc.o(.ARM.exidx.text.RCC_AHB2PeriphClockLPModeCmd) refers to stm32f4xx_rcc.o(.text.RCC_AHB2PeriphClockLPModeCmd) for [Anonymous Symbol]
    stm32f4xx_rcc.o(.ARM.exidx.text.RCC_APB1PeriphClockLPModeCmd) refers to stm32f4xx_rcc.o(.text.RCC_APB1PeriphClockLPModeCmd) for [Anonymous Symbol]
    stm32f4xx_rcc.o(.ARM.exidx.text.RCC_APB2PeriphClockLPModeCmd) refers to stm32f4xx_rcc.o(.text.RCC_APB2PeriphClockLPModeCmd) for [Anonymous Symbol]
    stm32f4xx_rcc.o(.ARM.exidx.text.RCC_LSEModeConfig) refers to stm32f4xx_rcc.o(.text.RCC_LSEModeConfig) for [Anonymous Symbol]
    stm32f4xx_rcc.o(.ARM.exidx.text.RCC_ITConfig) refers to stm32f4xx_rcc.o(.text.RCC_ITConfig) for [Anonymous Symbol]
    stm32f4xx_rcc.o(.ARM.exidx.text.RCC_ClearFlag) refers to stm32f4xx_rcc.o(.text.RCC_ClearFlag) for [Anonymous Symbol]
    stm32f4xx_rcc.o(.ARM.exidx.text.RCC_GetITStatus) refers to stm32f4xx_rcc.o(.text.RCC_GetITStatus) for [Anonymous Symbol]
    stm32f4xx_rcc.o(.ARM.exidx.text.RCC_ClearITPendingBit) refers to stm32f4xx_rcc.o(.text.RCC_ClearITPendingBit) for [Anonymous Symbol]
    mcu_tim11.o(.text.mcu_tim11_init) refers to mcu_tim11.o(.text.__NVIC_GetPriorityGrouping) for __NVIC_GetPriorityGrouping
    mcu_tim11.o(.text.mcu_tim11_init) refers to mcu_tim11.o(.text.NVIC_EncodePriority) for NVIC_EncodePriority
    mcu_tim11.o(.text.mcu_tim11_init) refers to mcu_tim11.o(.text.__NVIC_SetPriority) for __NVIC_SetPriority
    mcu_tim11.o(.text.mcu_tim11_init) refers to mcu_tim11.o(.text.__NVIC_EnableIRQ) for __NVIC_EnableIRQ
    mcu_tim11.o(.ARM.exidx.text.mcu_tim11_init) refers to mcu_tim11.o(.text.mcu_tim11_init) for [Anonymous Symbol]
    mcu_tim11.o(.ARM.exidx.text.__NVIC_GetPriorityGrouping) refers to mcu_tim11.o(.text.__NVIC_GetPriorityGrouping) for [Anonymous Symbol]
    mcu_tim11.o(.ARM.exidx.text.NVIC_EncodePriority) refers to mcu_tim11.o(.text.NVIC_EncodePriority) for [Anonymous Symbol]
    mcu_tim11.o(.ARM.exidx.text.__NVIC_SetPriority) refers to mcu_tim11.o(.text.__NVIC_SetPriority) for [Anonymous Symbol]
    mcu_tim11.o(.ARM.exidx.text.__NVIC_EnableIRQ) refers to mcu_tim11.o(.text.__NVIC_EnableIRQ) for [Anonymous Symbol]
    mcu_tim11.o(.text.TIM1_TRG_COM_TIM11_IRQHandler) refers to mcu_tim11.o(.bss.tim11_flag) for tim11_flag
    mcu_tim11.o(.ARM.exidx.text.TIM1_TRG_COM_TIM11_IRQHandler) refers to mcu_tim11.o(.text.TIM1_TRG_COM_TIM11_IRQHandler) for [Anonymous Symbol]
    mcu_tim11.o(.text.TIM11_Delay_us) refers to mcu_tim11.o(.bss.tim11_flag) for tim11_flag
    mcu_tim11.o(.ARM.exidx.text.TIM11_Delay_us) refers to mcu_tim11.o(.text.TIM11_Delay_us) for [Anonymous Symbol]
    mcu_tim11.o(.text.TIM11_Delay_ms) refers to mcu_tim11.o(.text.TIM11_Delay_us) for TIM11_Delay_us
    mcu_tim11.o(.ARM.exidx.text.TIM11_Delay_ms) refers to mcu_tim11.o(.text.TIM11_Delay_ms) for [Anonymous Symbol]
    rb.o(.ARM.exidx.text.rb_init) refers to rb.o(.text.rb_init) for [Anonymous Symbol]
    rb.o(.text.rb_write) refers to rb.o(.text.rb_get_free_len) for rb_get_free_len
    rb.o(.text.rb_write) refers to rt_memcpy_v6.o(.text) for __aeabi_memcpy
    rb.o(.ARM.exidx.text.rb_write) refers to rb.o(.text.rb_write) for [Anonymous Symbol]
    rb.o(.ARM.exidx.text.rb_get_free_len) refers to rb.o(.text.rb_get_free_len) for [Anonymous Symbol]
    rb.o(.text.rb_read) refers to rb.o(.text.rb_get_len_can_read) for rb_get_len_can_read
    rb.o(.text.rb_read) refers to rt_memcpy_v6.o(.text) for __aeabi_memcpy
    rb.o(.ARM.exidx.text.rb_read) refers to rb.o(.text.rb_read) for [Anonymous Symbol]
    rb.o(.ARM.exidx.text.rb_get_len_can_read) refers to rb.o(.text.rb_get_len_can_read) for [Anonymous Symbol]
    startup_stm32f401xe.o(STACK) refers (Special) to heapauxi.o(.text) for __use_two_region_memory
    startup_stm32f401xe.o(HEAP) refers (Special) to heapauxi.o(.text) for __use_two_region_memory
    startup_stm32f401xe.o(RESET) refers (Special) to heapauxi.o(.text) for __use_two_region_memory
    startup_stm32f401xe.o(RESET) refers to startup_stm32f401xe.o(STACK) for __initial_sp
    startup_stm32f401xe.o(RESET) refers to startup_stm32f401xe.o(.text) for Reset_Handler
    startup_stm32f401xe.o(RESET) refers to stm32f4xx_it.o(.text.NMI_Handler) for NMI_Handler
    startup_stm32f401xe.o(RESET) refers to stm32f4xx_it.o(.text.HardFault_Handler) for HardFault_Handler
    startup_stm32f401xe.o(RESET) refers to stm32f4xx_it.o(.text.MemManage_Handler) for MemManage_Handler
    startup_stm32f401xe.o(RESET) refers to stm32f4xx_it.o(.text.BusFault_Handler) for BusFault_Handler
    startup_stm32f401xe.o(RESET) refers to stm32f4xx_it.o(.text.UsageFault_Handler) for UsageFault_Handler
    startup_stm32f401xe.o(RESET) refers to stm32f4xx_it.o(.text.SVC_Handler) for SVC_Handler
    startup_stm32f401xe.o(RESET) refers to stm32f4xx_it.o(.text.DebugMon_Handler) for DebugMon_Handler
    startup_stm32f401xe.o(RESET) refers to stm32f4xx_it.o(.text.PendSV_Handler) for PendSV_Handler
    startup_stm32f401xe.o(RESET) refers to stm32f4xx_it.o(.text.SysTick_Handler) for SysTick_Handler
    startup_stm32f401xe.o(RESET) refers to mcu_tim11.o(.text.TIM1_TRG_COM_TIM11_IRQHandler) for TIM1_TRG_COM_TIM11_IRQHandler
    startup_stm32f401xe.o(RESET) refers to board_uart1.o(.text.USART1_IRQHandler) for USART1_IRQHandler
    startup_stm32f401xe.o(RESET) refers to board_uart1.o(.text.DMA2_Stream2_IRQHandler) for DMA2_Stream2_IRQHandler
    startup_stm32f401xe.o(.text) refers (Special) to heapauxi.o(.text) for __use_two_region_memory
    startup_stm32f401xe.o(.text) refers to system_stm32f4xx_1.o(.text.SystemInit) for SystemInit
    startup_stm32f401xe.o(.text) refers to __main.o(!!!main) for __main
    startup_stm32f401xe.o(.text) refers to startup_stm32f401xe.o(HEAP) for Heap_Mem
    startup_stm32f401xe.o(.text) refers to startup_stm32f401xe.o(STACK) for Stack_Mem
    system_stm32f4xx_1.o(.ARM.exidx.text.SystemInit) refers to system_stm32f4xx_1.o(.text.SystemInit) for [Anonymous Symbol]
    system_stm32f4xx_1.o(.text.SystemCoreClockUpdate) refers to system_stm32f4xx_1.o(.data.SystemCoreClock) for SystemCoreClock
    system_stm32f4xx_1.o(.text.SystemCoreClockUpdate) refers to system_stm32f4xx_1.o(.rodata.AHBPrescTable) for AHBPrescTable
    system_stm32f4xx_1.o(.ARM.exidx.text.SystemCoreClockUpdate) refers to system_stm32f4xx_1.o(.text.SystemCoreClockUpdate) for [Anonymous Symbol]
    rt_memcpy_v6.o(.text) refers to rt_memcpy_w.o(.text) for __aeabi_memcpy4
    __main.o(!!!main) refers to __rtentry.o(.ARM.Collect$$rtentry$$00000000) for __rt_entry
    __rtentry.o(.ARM.Collect$$rtentry$$00000000) refers (Special) to __rtentry2.o(.ARM.Collect$$rtentry$$0000000A) for __rt_entry_li
    __rtentry.o(.ARM.Collect$$rtentry$$00000000) refers (Special) to __rtentry2.o(.ARM.Collect$$rtentry$$0000000D) for __rt_entry_main
    __rtentry.o(.ARM.Collect$$rtentry$$00000000) refers (Special) to __rtentry2.o(.ARM.Collect$$rtentry$$0000000C) for __rt_entry_postli_1
    __rtentry.o(.ARM.Collect$$rtentry$$00000000) refers (Special) to __rtentry2.o(.ARM.Collect$$rtentry$$00000009) for __rt_entry_postsh_1
    __rtentry.o(.ARM.Collect$$rtentry$$00000000) refers (Special) to __rtentry2.o(.ARM.Collect$$rtentry$$00000002) for __rt_entry_presh_1
    __rtentry.o(.ARM.Collect$$rtentry$$00000000) refers (Special) to __rtentry4.o(.ARM.Collect$$rtentry$$00000004) for __rt_entry_sh
    __rtentry2.o(.ARM.Collect$$rtentry$$00000008) refers to boardinit2.o(.text) for _platform_post_stackheap_init
    __rtentry2.o(.ARM.Collect$$rtentry$$0000000A) refers to libinit.o(.ARM.Collect$$libinit$$00000000) for __rt_lib_init
    __rtentry2.o(.ARM.Collect$$rtentry$$0000000B) refers to boardinit3.o(.text) for _platform_post_lib_init
    __rtentry2.o(.ARM.Collect$$rtentry$$0000000D) refers to main.o(.text.main) for main
    __rtentry2.o(.ARM.Collect$$rtentry$$0000000D) refers to exit.o(.text) for exit
    __rtentry2.o(.ARM.exidx) refers to __rtentry2.o(.ARM.Collect$$rtentry$$00000001) for .ARM.Collect$$rtentry$$00000001
    __rtentry2.o(.ARM.exidx) refers to __rtentry2.o(.ARM.Collect$$rtentry$$00000008) for .ARM.Collect$$rtentry$$00000008
    __rtentry2.o(.ARM.exidx) refers to __rtentry2.o(.ARM.Collect$$rtentry$$0000000A) for .ARM.Collect$$rtentry$$0000000A
    __rtentry2.o(.ARM.exidx) refers to __rtentry2.o(.ARM.Collect$$rtentry$$0000000B) for .ARM.Collect$$rtentry$$0000000B
    __rtentry2.o(.ARM.exidx) refers to __rtentry2.o(.ARM.Collect$$rtentry$$0000000D) for .ARM.Collect$$rtentry$$0000000D
    __rtentry4.o(.ARM.Collect$$rtentry$$00000004) refers to sys_stackheap_outer.o(.text) for __user_setup_stackheap
    __rtentry4.o(.ARM.exidx) refers to __rtentry4.o(.ARM.Collect$$rtentry$$00000004) for .ARM.Collect$$rtentry$$00000004
    sys_stackheap_outer.o(.text) refers to libspace.o(.text) for __user_perproc_libspace
    sys_stackheap_outer.o(.text) refers to startup_stm32f401xe.o(.text) for __user_initial_stackheap
    exit.o(.text) refers to rtexit.o(.ARM.Collect$$rtexit$$00000000) for __rt_exit
    libinit.o(.ARM.Collect$$libinit$$00000000) refers (Special) to libinit2.o(.ARM.Collect$$libinit$$0000002E) for __rt_lib_init_alloca_1
    libinit.o(.ARM.Collect$$libinit$$00000000) refers (Special) to libinit2.o(.ARM.Collect$$libinit$$0000002C) for __rt_lib_init_argv_1
    libinit.o(.ARM.Collect$$libinit$$00000000) refers (Special) to libinit2.o(.ARM.Collect$$libinit$$0000001B) for __rt_lib_init_atexit_1
    libinit.o(.ARM.Collect$$libinit$$00000000) refers (Special) to libinit2.o(.ARM.Collect$$libinit$$00000021) for __rt_lib_init_clock_1
    libinit.o(.ARM.Collect$$libinit$$00000000) refers (Special) to libinit2.o(.ARM.Collect$$libinit$$00000032) for __rt_lib_init_cpp_1
    libinit.o(.ARM.Collect$$libinit$$00000000) refers (Special) to libinit2.o(.ARM.Collect$$libinit$$00000030) for __rt_lib_init_exceptions_1
    libinit.o(.ARM.Collect$$libinit$$00000000) refers (Special) to libinit2.o(.ARM.Collect$$libinit$$00000001) for __rt_lib_init_fp_1
    libinit.o(.ARM.Collect$$libinit$$00000000) refers (Special) to libinit2.o(.ARM.Collect$$libinit$$0000001F) for __rt_lib_init_fp_trap_1
    libinit.o(.ARM.Collect$$libinit$$00000000) refers (Special) to libinit2.o(.ARM.Collect$$libinit$$00000023) for __rt_lib_init_getenv_1
    libinit.o(.ARM.Collect$$libinit$$00000000) refers (Special) to libinit2.o(.ARM.Collect$$libinit$$0000000A) for __rt_lib_init_heap_1
    libinit.o(.ARM.Collect$$libinit$$00000000) refers (Special) to libinit2.o(.ARM.Collect$$libinit$$00000011) for __rt_lib_init_lc_collate_1
    libinit.o(.ARM.Collect$$libinit$$00000000) refers (Special) to libinit2.o(.ARM.Collect$$libinit$$00000013) for __rt_lib_init_lc_ctype_1
    libinit.o(.ARM.Collect$$libinit$$00000000) refers (Special) to libinit2.o(.ARM.Collect$$libinit$$00000015) for __rt_lib_init_lc_monetary_1
    libinit.o(.ARM.Collect$$libinit$$00000000) refers (Special) to libinit2.o(.ARM.Collect$$libinit$$00000017) for __rt_lib_init_lc_numeric_1
    libinit.o(.ARM.Collect$$libinit$$00000000) refers (Special) to libinit2.o(.ARM.Collect$$libinit$$00000019) for __rt_lib_init_lc_time_1
    libinit.o(.ARM.Collect$$libinit$$00000000) refers (Special) to libinit2.o(.ARM.Collect$$libinit$$00000004) for __rt_lib_init_preinit_1
    libinit.o(.ARM.Collect$$libinit$$00000000) refers (Special) to libinit2.o(.ARM.Collect$$libinit$$0000000E) for __rt_lib_init_rand_1
    libinit.o(.ARM.Collect$$libinit$$00000000) refers (Special) to libinit2.o(.ARM.Collect$$libinit$$00000033) for __rt_lib_init_return
    libinit.o(.ARM.Collect$$libinit$$00000000) refers (Special) to libinit2.o(.ARM.Collect$$libinit$$0000001D) for __rt_lib_init_signal_1
    libinit.o(.ARM.Collect$$libinit$$00000000) refers (Special) to libinit2.o(.ARM.Collect$$libinit$$00000025) for __rt_lib_init_stdio_1
    libinit.o(.ARM.Collect$$libinit$$00000000) refers (Special) to libinit2.o(.ARM.Collect$$libinit$$0000000C) for __rt_lib_init_user_alloc_1
    libspace.o(.text) refers to libspace.o(.bss) for __libspace_start
    rtexit.o(.ARM.Collect$$rtexit$$00000000) refers (Special) to rtexit2.o(.ARM.Collect$$rtexit$$00000004) for __rt_exit_exit
    rtexit.o(.ARM.Collect$$rtexit$$00000000) refers (Special) to rtexit2.o(.ARM.Collect$$rtexit$$00000003) for __rt_exit_ls
    rtexit.o(.ARM.Collect$$rtexit$$00000000) refers (Special) to rtexit2.o(.ARM.Collect$$rtexit$$00000002) for __rt_exit_prels_1
    rtexit.o(.ARM.exidx) refers (Special) to rtexit2.o(.ARM.Collect$$rtexit$$00000004) for __rt_exit_exit
    rtexit.o(.ARM.exidx) refers (Special) to rtexit2.o(.ARM.Collect$$rtexit$$00000003) for __rt_exit_ls
    rtexit.o(.ARM.exidx) refers (Special) to rtexit2.o(.ARM.Collect$$rtexit$$00000002) for __rt_exit_prels_1
    rtexit.o(.ARM.exidx) refers to rtexit.o(.ARM.Collect$$rtexit$$00000000) for .ARM.Collect$$rtexit$$00000000
    libinit2.o(.ARM.Collect$$libinit$$00000001) refers to fpinit.o(x$fpl$fpinit) for _fp_init
    libinit2.o(.ARM.Collect$$libinit$$00000010) refers to libinit2.o(.ARM.Collect$$libinit$$0000000F) for .ARM.Collect$$libinit$$0000000F
    libinit2.o(.ARM.Collect$$libinit$$00000012) refers to libinit2.o(.ARM.Collect$$libinit$$0000000F) for .ARM.Collect$$libinit$$0000000F
    libinit2.o(.ARM.Collect$$libinit$$00000014) refers to libinit2.o(.ARM.Collect$$libinit$$0000000F) for .ARM.Collect$$libinit$$0000000F
    libinit2.o(.ARM.Collect$$libinit$$00000016) refers to libinit2.o(.ARM.Collect$$libinit$$0000000F) for .ARM.Collect$$libinit$$0000000F
    libinit2.o(.ARM.Collect$$libinit$$00000018) refers to libinit2.o(.ARM.Collect$$libinit$$0000000F) for .ARM.Collect$$libinit$$0000000F
    libinit2.o(.ARM.Collect$$libinit$$00000026) refers to argv_veneer.o(.emb_text) for __ARM_argv_veneer
    libinit2.o(.ARM.Collect$$libinit$$00000027) refers to argv_veneer.o(.emb_text) for __ARM_argv_veneer
    rtexit2.o(.ARM.Collect$$rtexit$$00000003) refers to libshutdown.o(.ARM.Collect$$libshutdown$$00000000) for __rt_lib_shutdown
    rtexit2.o(.ARM.Collect$$rtexit$$00000004) refers to sys_exit.o(.text) for _sys_exit
    rtexit2.o(.ARM.exidx) refers to rtexit2.o(.ARM.Collect$$rtexit$$00000001) for .ARM.Collect$$rtexit$$00000001
    rtexit2.o(.ARM.exidx) refers to rtexit2.o(.ARM.Collect$$rtexit$$00000003) for .ARM.Collect$$rtexit$$00000003
    rtexit2.o(.ARM.exidx) refers to rtexit2.o(.ARM.Collect$$rtexit$$00000004) for .ARM.Collect$$rtexit$$00000004
    argv_veneer.o(.emb_text) refers to no_argv.o(.text) for __ARM_get_argv
    sys_exit.o(.text) refers (Special) to use_no_semi.o(.text) for __I$use$semihosting
    sys_exit.o(.text) refers (Special) to indicate_semi.o(.text) for __semihosting_library_function
    sys_exit_hlt.o(.text) refers (Special) to use_no_semi.o(.text) for __I$use$semihosting
    sys_exit_hlt.o(.text) refers (Special) to indicate_semi.o(.text) for __semihosting_library_function
    _get_argv_nomalloc.o(.text) refers (Special) to hrguard.o(.text) for __heap_region$guard
    _get_argv_nomalloc.o(.text) refers to defsig_rtmem_outer.o(.text) for __rt_SIGRTMEM
    _get_argv_nomalloc.o(.text) refers to sys_command.o(.text) for _sys_command_string
    libshutdown.o(.ARM.Collect$$libshutdown$$00000000) refers (Special) to libshutdown2.o(.ARM.Collect$$libshutdown$$00000002) for __rt_lib_shutdown_cpp_1
    libshutdown.o(.ARM.Collect$$libshutdown$$00000000) refers (Special) to libshutdown2.o(.ARM.Collect$$libshutdown$$00000007) for __rt_lib_shutdown_fp_trap_1
    libshutdown.o(.ARM.Collect$$libshutdown$$00000000) refers (Special) to libshutdown2.o(.ARM.Collect$$libshutdown$$0000000F) for __rt_lib_shutdown_heap_1
    libshutdown.o(.ARM.Collect$$libshutdown$$00000000) refers (Special) to libshutdown2.o(.ARM.Collect$$libshutdown$$00000010) for __rt_lib_shutdown_return
    libshutdown.o(.ARM.Collect$$libshutdown$$00000000) refers (Special) to libshutdown2.o(.ARM.Collect$$libshutdown$$0000000A) for __rt_lib_shutdown_signal_1
    libshutdown.o(.ARM.Collect$$libshutdown$$00000000) refers (Special) to libshutdown2.o(.ARM.Collect$$libshutdown$$00000004) for __rt_lib_shutdown_stdio_1
    libshutdown.o(.ARM.Collect$$libshutdown$$00000000) refers (Special) to libshutdown2.o(.ARM.Collect$$libshutdown$$0000000C) for __rt_lib_shutdown_user_alloc_1
    sys_command.o(.text) refers (Special) to use_no_semi.o(.text) for __I$use$semihosting
    sys_command.o(.text) refers (Special) to indicate_semi.o(.text) for __semihosting_library_function
    sys_command_hlt.o(.text) refers (Special) to use_no_semi.o(.text) for __I$use$semihosting
    sys_command_hlt.o(.text) refers (Special) to indicate_semi.o(.text) for __semihosting_library_function
    defsig_rtmem_outer.o(.text) refers to defsig_rtmem_inner.o(.text) for __rt_SIGRTMEM_inner
    defsig_rtmem_outer.o(.text) refers to defsig_exit.o(.text) for __sig_exit
    defsig_rtmem_formal.o(.text) refers to rt_raise.o(.text) for __rt_raise
    rt_raise.o(.text) refers to __raise.o(.text) for __raise
    rt_raise.o(.text) refers to sys_exit.o(.text) for _sys_exit
    defsig_exit.o(.text) refers to sys_exit.o(.text) for _sys_exit
    defsig_rtmem_inner.o(.text) refers to defsig_general.o(.text) for __default_signal_display
    __raise.o(.text) refers to defsig.o(CL$$defsig) for __default_signal_handler
    defsig_general.o(.text) refers to sys_wrch.o(.text) for _ttywrch
    sys_wrch.o(.text) refers (Special) to use_no_semi.o(.text) for __I$use$semihosting
    sys_wrch.o(.text) refers (Special) to indicate_semi.o(.text) for __semihosting_library_function
    sys_wrch_hlt.o(.text) refers (Special) to use_no_semi.o(.text) for __I$use$semihosting
    sys_wrch_hlt.o(.text) refers (Special) to indicate_semi.o(.text) for __semihosting_library_function
    defsig.o(CL$$defsig) refers to defsig_rtmem_inner.o(.text) for __rt_SIGRTMEM_inner
    defsig_abrt_inner.o(.text) refers to defsig_general.o(.text) for __default_signal_display
    defsig_fpe_inner.o(.text) refers to defsig_general.o(.text) for __default_signal_display
    defsig_rtred_inner.o(.text) refers to defsig_general.o(.text) for __default_signal_display
    defsig_stak_inner.o(.text) refers to defsig_general.o(.text) for __default_signal_display
    defsig_pvfn_inner.o(.text) refers to defsig_general.o(.text) for __default_signal_display
    defsig_cppl_inner.o(.text) refers to defsig_general.o(.text) for __default_signal_display
    defsig_segv_inner.o(.text) refers to defsig_general.o(.text) for __default_signal_display
    defsig_other.o(.text) refers to defsig_general.o(.text) for __default_signal_display


==============================================================================

Removing Unused input sections from the image.

    Removing main.o(.text), (0 bytes).
    Removing main.o(.ARM.exidx.text.main), (8 bytes).
    Removing main.o(.ARM.exidx.text.__NVIC_SetPriorityGrouping), (8 bytes).
    Removing main.o(.ARM.use_no_argv), (4 bytes).
    Removing stm32f4xx_it.o(.text), (0 bytes).
    Removing stm32f4xx_it.o(.ARM.exidx.text.NMI_Handler), (8 bytes).
    Removing stm32f4xx_it.o(.ARM.exidx.text.HardFault_Handler), (8 bytes).
    Removing stm32f4xx_it.o(.ARM.exidx.text.MemManage_Handler), (8 bytes).
    Removing stm32f4xx_it.o(.ARM.exidx.text.BusFault_Handler), (8 bytes).
    Removing stm32f4xx_it.o(.ARM.exidx.text.UsageFault_Handler), (8 bytes).
    Removing stm32f4xx_it.o(.ARM.exidx.text.SVC_Handler), (8 bytes).
    Removing stm32f4xx_it.o(.ARM.exidx.text.DebugMon_Handler), (8 bytes).
    Removing stm32f4xx_it.o(.ARM.exidx.text.PendSV_Handler), (8 bytes).
    Removing stm32f4xx_it.o(.ARM.exidx.text.SysTick_Handler), (8 bytes).
    Removing board_key.o(.text), (0 bytes).
    Removing board_key.o(.ARM.exidx.text.board_key_init), (8 bytes).
    Removing board_key.o(.text.board_key_pressed), (52 bytes).
    Removing board_key.o(.ARM.exidx.text.board_key_pressed), (8 bytes).
    Removing board_key.o(.text.delay_20ms), (2 bytes).
    Removing board_key.o(.ARM.exidx.text.delay_20ms), (8 bytes).
    Removing board_key.o(.text.board_key_scan), (42 bytes).
    Removing board_key.o(.ARM.exidx.text.board_key_scan), (8 bytes).
    Removing board_led.o(.text), (0 bytes).
    Removing board_led.o(.ARM.exidx.text.board_led_init), (8 bytes).
    Removing board_led.o(.ARM.exidx.text.board_led_off), (8 bytes).
    Removing board_led.o(.text.board_led_on), (18 bytes).
    Removing board_led.o(.ARM.exidx.text.board_led_on), (8 bytes).
    Removing board_led.o(.ARM.exidx.text.board_led_toggle), (8 bytes).
    Removing board_uart1.o(.text), (0 bytes).
    Removing board_uart1.o(.ARM.exidx.text.board_uart1_send_char), (8 bytes).
    Removing board_uart1.o(.ARM.exidx.text.board_uart1_send_string), (8 bytes).
    Removing board_uart1.o(.ARM.exidx.text.board_uart1_get_char), (8 bytes).
    Removing board_uart1.o(.ARM.exidx.text.board_uart1_init), (8 bytes).
    Removing board_uart1.o(.ARM.exidx.text.__NVIC_GetPriorityGrouping), (8 bytes).
    Removing board_uart1.o(.ARM.exidx.text.__NVIC_SetPriority), (8 bytes).
    Removing board_uart1.o(.ARM.exidx.text.NVIC_EncodePriority), (8 bytes).
    Removing board_uart1.o(.ARM.exidx.text.__NVIC_EnableIRQ), (8 bytes).
    Removing board_uart1.o(.ARM.exidx.text.USART1_IRQHandler), (8 bytes).
    Removing board_uart1.o(.ARM.exidx.text.DMA2_Stream2_IRQHandler), (8 bytes).
    Removing board_uart1.o(.ARM.exidx.text.uart1_datapack_handler), (8 bytes).
    Removing board_uart1.o(.ARM.exidx.text.handle_data_pack), (8 bytes).
    Removing board_uart1.o(.ARM.exidx.text.handle_error_pack), (8 bytes).
    Removing board_uart1.o(.ARM.exidx.text.uart_data_pack_send), (8 bytes).
    Removing stm32f4xx_dma.o(.text), (0 bytes).
    Removing stm32f4xx_dma.o(.text.DMA_DeInit), (600 bytes).
    Removing stm32f4xx_dma.o(.ARM.exidx.text.DMA_DeInit), (8 bytes).
    Removing stm32f4xx_dma.o(.text.DMA_Init), (102 bytes).
    Removing stm32f4xx_dma.o(.ARM.exidx.text.DMA_Init), (8 bytes).
    Removing stm32f4xx_dma.o(.text.DMA_StructInit), (10 bytes).
    Removing stm32f4xx_dma.o(.ARM.exidx.text.DMA_StructInit), (8 bytes).
    Removing stm32f4xx_dma.o(.text.DMA_Cmd), (16 bytes).
    Removing stm32f4xx_dma.o(.ARM.exidx.text.DMA_Cmd), (8 bytes).
    Removing stm32f4xx_dma.o(.text.DMA_PeriphIncOffsetSizeConfig), (18 bytes).
    Removing stm32f4xx_dma.o(.ARM.exidx.text.DMA_PeriphIncOffsetSizeConfig), (8 bytes).
    Removing stm32f4xx_dma.o(.text.DMA_FlowControllerConfig), (16 bytes).
    Removing stm32f4xx_dma.o(.ARM.exidx.text.DMA_FlowControllerConfig), (8 bytes).
    Removing stm32f4xx_dma.o(.text.DMA_SetCurrDataCounter), (4 bytes).
    Removing stm32f4xx_dma.o(.ARM.exidx.text.DMA_SetCurrDataCounter), (8 bytes).
    Removing stm32f4xx_dma.o(.text.DMA_GetCurrDataCounter), (6 bytes).
    Removing stm32f4xx_dma.o(.ARM.exidx.text.DMA_GetCurrDataCounter), (8 bytes).
    Removing stm32f4xx_dma.o(.text.DMA_DoubleBufferModeConfig), (20 bytes).
    Removing stm32f4xx_dma.o(.ARM.exidx.text.DMA_DoubleBufferModeConfig), (8 bytes).
    Removing stm32f4xx_dma.o(.text.DMA_DoubleBufferModeCmd), (18 bytes).
    Removing stm32f4xx_dma.o(.ARM.exidx.text.DMA_DoubleBufferModeCmd), (8 bytes).
    Removing stm32f4xx_dma.o(.text.DMA_MemoryTargetConfig), (12 bytes).
    Removing stm32f4xx_dma.o(.ARM.exidx.text.DMA_MemoryTargetConfig), (8 bytes).
    Removing stm32f4xx_dma.o(.text.DMA_GetCurrentMemoryTarget), (8 bytes).
    Removing stm32f4xx_dma.o(.ARM.exidx.text.DMA_GetCurrentMemoryTarget), (8 bytes).
    Removing stm32f4xx_dma.o(.text.DMA_GetCmdStatus), (8 bytes).
    Removing stm32f4xx_dma.o(.ARM.exidx.text.DMA_GetCmdStatus), (8 bytes).
    Removing stm32f4xx_dma.o(.text.DMA_GetFIFOStatus), (8 bytes).
    Removing stm32f4xx_dma.o(.ARM.exidx.text.DMA_GetFIFOStatus), (8 bytes).
    Removing stm32f4xx_dma.o(.text.DMA_GetFlagStatus), (68 bytes).
    Removing stm32f4xx_dma.o(.ARM.exidx.text.DMA_GetFlagStatus), (8 bytes).
    Removing stm32f4xx_dma.o(.text.DMA_ClearFlag), (60 bytes).
    Removing stm32f4xx_dma.o(.ARM.exidx.text.DMA_ClearFlag), (8 bytes).
    Removing stm32f4xx_dma.o(.text.DMA_ITConfig), (48 bytes).
    Removing stm32f4xx_dma.o(.ARM.exidx.text.DMA_ITConfig), (8 bytes).
    Removing stm32f4xx_dma.o(.text.DMA_GetITStatus), (102 bytes).
    Removing stm32f4xx_dma.o(.ARM.exidx.text.DMA_GetITStatus), (8 bytes).
    Removing stm32f4xx_dma.o(.text.DMA_ClearITPendingBit), (60 bytes).
    Removing stm32f4xx_dma.o(.ARM.exidx.text.DMA_ClearITPendingBit), (8 bytes).
    Removing stm32f4xx_rcc.o(.text), (0 bytes).
    Removing stm32f4xx_rcc.o(.text.RCC_DeInit), (72 bytes).
    Removing stm32f4xx_rcc.o(.ARM.exidx.text.RCC_DeInit), (8 bytes).
    Removing stm32f4xx_rcc.o(.text.RCC_HSEConfig), (16 bytes).
    Removing stm32f4xx_rcc.o(.ARM.exidx.text.RCC_HSEConfig), (8 bytes).
    Removing stm32f4xx_rcc.o(.text.RCC_WaitForHSEStartUp), (48 bytes).
    Removing stm32f4xx_rcc.o(.ARM.exidx.text.RCC_WaitForHSEStartUp), (8 bytes).
    Removing stm32f4xx_rcc.o(.text.RCC_GetFlagStatus), (42 bytes).
    Removing stm32f4xx_rcc.o(.ARM.exidx.text.RCC_GetFlagStatus), (8 bytes).
    Removing stm32f4xx_rcc.o(.text.RCC_AdjustHSICalibrationValue), (22 bytes).
    Removing stm32f4xx_rcc.o(.ARM.exidx.text.RCC_AdjustHSICalibrationValue), (8 bytes).
    Removing stm32f4xx_rcc.o(.text.RCC_HSICmd), (10 bytes).
    Removing stm32f4xx_rcc.o(.ARM.exidx.text.RCC_HSICmd), (8 bytes).
    Removing stm32f4xx_rcc.o(.text.RCC_LSEConfig), (30 bytes).
    Removing stm32f4xx_rcc.o(.ARM.exidx.text.RCC_LSEConfig), (8 bytes).
    Removing stm32f4xx_rcc.o(.text.RCC_LSICmd), (12 bytes).
    Removing stm32f4xx_rcc.o(.ARM.exidx.text.RCC_LSICmd), (8 bytes).
    Removing stm32f4xx_rcc.o(.text.RCC_PLLConfig), (46 bytes).
    Removing stm32f4xx_rcc.o(.ARM.exidx.text.RCC_PLLConfig), (8 bytes).
    Removing stm32f4xx_rcc.o(.text.RCC_PLLCmd), (10 bytes).
    Removing stm32f4xx_rcc.o(.ARM.exidx.text.RCC_PLLCmd), (8 bytes).
    Removing stm32f4xx_rcc.o(.text.RCC_PLLI2SConfig), (18 bytes).
    Removing stm32f4xx_rcc.o(.ARM.exidx.text.RCC_PLLI2SConfig), (8 bytes).
    Removing stm32f4xx_rcc.o(.text.RCC_PLLI2SCmd), (10 bytes).
    Removing stm32f4xx_rcc.o(.ARM.exidx.text.RCC_PLLI2SCmd), (8 bytes).
    Removing stm32f4xx_rcc.o(.text.RCC_PLLSAIConfig), (22 bytes).
    Removing stm32f4xx_rcc.o(.ARM.exidx.text.RCC_PLLSAIConfig), (8 bytes).
    Removing stm32f4xx_rcc.o(.text.RCC_PLLSAICmd), (10 bytes).
    Removing stm32f4xx_rcc.o(.ARM.exidx.text.RCC_PLLSAICmd), (8 bytes).
    Removing stm32f4xx_rcc.o(.text.RCC_ClockSecuritySystemCmd), (10 bytes).
    Removing stm32f4xx_rcc.o(.ARM.exidx.text.RCC_ClockSecuritySystemCmd), (8 bytes).
    Removing stm32f4xx_rcc.o(.text.RCC_MCO1Config), (22 bytes).
    Removing stm32f4xx_rcc.o(.ARM.exidx.text.RCC_MCO1Config), (8 bytes).
    Removing stm32f4xx_rcc.o(.text.RCC_MCO2Config), (22 bytes).
    Removing stm32f4xx_rcc.o(.ARM.exidx.text.RCC_MCO2Config), (8 bytes).
    Removing stm32f4xx_rcc.o(.text.RCC_SYSCLKConfig), (20 bytes).
    Removing stm32f4xx_rcc.o(.ARM.exidx.text.RCC_SYSCLKConfig), (8 bytes).
    Removing stm32f4xx_rcc.o(.text.RCC_GetSYSCLKSource), (16 bytes).
    Removing stm32f4xx_rcc.o(.ARM.exidx.text.RCC_GetSYSCLKSource), (8 bytes).
    Removing stm32f4xx_rcc.o(.text.RCC_HCLKConfig), (20 bytes).
    Removing stm32f4xx_rcc.o(.ARM.exidx.text.RCC_HCLKConfig), (8 bytes).
    Removing stm32f4xx_rcc.o(.text.RCC_PCLK1Config), (20 bytes).
    Removing stm32f4xx_rcc.o(.ARM.exidx.text.RCC_PCLK1Config), (8 bytes).
    Removing stm32f4xx_rcc.o(.text.RCC_PCLK2Config), (22 bytes).
    Removing stm32f4xx_rcc.o(.ARM.exidx.text.RCC_PCLK2Config), (8 bytes).
    Removing stm32f4xx_rcc.o(.text.RCC_GetClocksFreq), (150 bytes).
    Removing stm32f4xx_rcc.o(.ARM.exidx.text.RCC_GetClocksFreq), (8 bytes).
    Removing stm32f4xx_rcc.o(.text.RCC_RTCCLKConfig), (50 bytes).
    Removing stm32f4xx_rcc.o(.ARM.exidx.text.RCC_RTCCLKConfig), (8 bytes).
    Removing stm32f4xx_rcc.o(.text.RCC_RTCCLKCmd), (12 bytes).
    Removing stm32f4xx_rcc.o(.ARM.exidx.text.RCC_RTCCLKCmd), (8 bytes).
    Removing stm32f4xx_rcc.o(.text.RCC_BackupResetCmd), (12 bytes).
    Removing stm32f4xx_rcc.o(.ARM.exidx.text.RCC_BackupResetCmd), (8 bytes).
    Removing stm32f4xx_rcc.o(.text.RCC_I2SCLKConfig), (12 bytes).
    Removing stm32f4xx_rcc.o(.ARM.exidx.text.RCC_I2SCLKConfig), (8 bytes).
    Removing stm32f4xx_rcc.o(.text.RCC_SAIPLLI2SClkDivConfig), (22 bytes).
    Removing stm32f4xx_rcc.o(.ARM.exidx.text.RCC_SAIPLLI2SClkDivConfig), (8 bytes).
    Removing stm32f4xx_rcc.o(.text.RCC_SAIPLLSAIClkDivConfig), (28 bytes).
    Removing stm32f4xx_rcc.o(.ARM.exidx.text.RCC_SAIPLLSAIClkDivConfig), (8 bytes).
    Removing stm32f4xx_rcc.o(.text.RCC_LTDCCLKDivConfig), (20 bytes).
    Removing stm32f4xx_rcc.o(.ARM.exidx.text.RCC_LTDCCLKDivConfig), (8 bytes).
    Removing stm32f4xx_rcc.o(.text.RCC_TIMCLKPresConfig), (12 bytes).
    Removing stm32f4xx_rcc.o(.ARM.exidx.text.RCC_TIMCLKPresConfig), (8 bytes).
    Removing stm32f4xx_rcc.o(.text.RCC_AHB1PeriphClockCmd), (24 bytes).
    Removing stm32f4xx_rcc.o(.ARM.exidx.text.RCC_AHB1PeriphClockCmd), (8 bytes).
    Removing stm32f4xx_rcc.o(.text.RCC_AHB2PeriphClockCmd), (24 bytes).
    Removing stm32f4xx_rcc.o(.ARM.exidx.text.RCC_AHB2PeriphClockCmd), (8 bytes).
    Removing stm32f4xx_rcc.o(.text.RCC_APB1PeriphClockCmd), (24 bytes).
    Removing stm32f4xx_rcc.o(.ARM.exidx.text.RCC_APB1PeriphClockCmd), (8 bytes).
    Removing stm32f4xx_rcc.o(.text.RCC_APB2PeriphClockCmd), (24 bytes).
    Removing stm32f4xx_rcc.o(.ARM.exidx.text.RCC_APB2PeriphClockCmd), (8 bytes).
    Removing stm32f4xx_rcc.o(.text.RCC_AHB1PeriphResetCmd), (24 bytes).
    Removing stm32f4xx_rcc.o(.ARM.exidx.text.RCC_AHB1PeriphResetCmd), (8 bytes).
    Removing stm32f4xx_rcc.o(.text.RCC_AHB2PeriphResetCmd), (24 bytes).
    Removing stm32f4xx_rcc.o(.ARM.exidx.text.RCC_AHB2PeriphResetCmd), (8 bytes).
    Removing stm32f4xx_rcc.o(.text.RCC_APB1PeriphResetCmd), (24 bytes).
    Removing stm32f4xx_rcc.o(.ARM.exidx.text.RCC_APB1PeriphResetCmd), (8 bytes).
    Removing stm32f4xx_rcc.o(.text.RCC_APB2PeriphResetCmd), (24 bytes).
    Removing stm32f4xx_rcc.o(.ARM.exidx.text.RCC_APB2PeriphResetCmd), (8 bytes).
    Removing stm32f4xx_rcc.o(.text.RCC_AHB1PeriphClockLPModeCmd), (24 bytes).
    Removing stm32f4xx_rcc.o(.ARM.exidx.text.RCC_AHB1PeriphClockLPModeCmd), (8 bytes).
    Removing stm32f4xx_rcc.o(.text.RCC_AHB2PeriphClockLPModeCmd), (24 bytes).
    Removing stm32f4xx_rcc.o(.ARM.exidx.text.RCC_AHB2PeriphClockLPModeCmd), (8 bytes).
    Removing stm32f4xx_rcc.o(.text.RCC_APB1PeriphClockLPModeCmd), (24 bytes).
    Removing stm32f4xx_rcc.o(.ARM.exidx.text.RCC_APB1PeriphClockLPModeCmd), (8 bytes).
    Removing stm32f4xx_rcc.o(.text.RCC_APB2PeriphClockLPModeCmd), (24 bytes).
    Removing stm32f4xx_rcc.o(.ARM.exidx.text.RCC_APB2PeriphClockLPModeCmd), (8 bytes).
    Removing stm32f4xx_rcc.o(.text.RCC_LSEModeConfig), (24 bytes).
    Removing stm32f4xx_rcc.o(.ARM.exidx.text.RCC_LSEModeConfig), (8 bytes).
    Removing stm32f4xx_rcc.o(.text.RCC_ITConfig), (24 bytes).
    Removing stm32f4xx_rcc.o(.ARM.exidx.text.RCC_ITConfig), (8 bytes).
    Removing stm32f4xx_rcc.o(.text.RCC_ClearFlag), (18 bytes).
    Removing stm32f4xx_rcc.o(.ARM.exidx.text.RCC_ClearFlag), (8 bytes).
    Removing stm32f4xx_rcc.o(.text.RCC_GetITStatus), (18 bytes).
    Removing stm32f4xx_rcc.o(.ARM.exidx.text.RCC_GetITStatus), (8 bytes).
    Removing stm32f4xx_rcc.o(.text.RCC_ClearITPendingBit), (12 bytes).
    Removing stm32f4xx_rcc.o(.ARM.exidx.text.RCC_ClearITPendingBit), (8 bytes).
    Removing stm32f4xx_rcc.o(.rodata.APBAHBPrescTable), (16 bytes).
    Removing mcu_tim11.o(.text), (0 bytes).
    Removing mcu_tim11.o(.ARM.exidx.text.mcu_tim11_init), (8 bytes).
    Removing mcu_tim11.o(.ARM.exidx.text.__NVIC_GetPriorityGrouping), (8 bytes).
    Removing mcu_tim11.o(.ARM.exidx.text.NVIC_EncodePriority), (8 bytes).
    Removing mcu_tim11.o(.ARM.exidx.text.__NVIC_SetPriority), (8 bytes).
    Removing mcu_tim11.o(.ARM.exidx.text.__NVIC_EnableIRQ), (8 bytes).
    Removing mcu_tim11.o(.ARM.exidx.text.TIM1_TRG_COM_TIM11_IRQHandler), (8 bytes).
    Removing mcu_tim11.o(.ARM.exidx.text.TIM11_Delay_us), (8 bytes).
    Removing mcu_tim11.o(.ARM.exidx.text.TIM11_Delay_ms), (8 bytes).
    Removing rb.o(.text), (0 bytes).
    Removing rb.o(.ARM.exidx.text.rb_init), (8 bytes).
    Removing rb.o(.ARM.exidx.text.rb_write), (8 bytes).
    Removing rb.o(.ARM.exidx.text.rb_get_free_len), (8 bytes).
    Removing rb.o(.ARM.exidx.text.rb_read), (8 bytes).
    Removing rb.o(.ARM.exidx.text.rb_get_len_can_read), (8 bytes).
    Removing system_stm32f4xx_1.o(.text), (0 bytes).
    Removing system_stm32f4xx_1.o(.ARM.exidx.text.SystemInit), (8 bytes).
    Removing system_stm32f4xx_1.o(.text.SystemCoreClockUpdate), (126 bytes).
    Removing system_stm32f4xx_1.o(.ARM.exidx.text.SystemCoreClockUpdate), (8 bytes).
    Removing system_stm32f4xx_1.o(.data.SystemCoreClock), (4 bytes).
    Removing system_stm32f4xx_1.o(.rodata.AHBPrescTable), (16 bytes).
    Removing system_stm32f4xx_1.o(.rodata.APBPrescTable), (8 bytes).

202 unused section(s) (total 3614 bytes) removed from the image.

==============================================================================

Image Symbol Table

    Local Symbols

    Symbol Name                              Value     Ov Type        Size  Object(Section)

    ../clib/angel/boardlib.s                 0x00000000   Number         0  boardinit1.o ABSOLUTE
    ../clib/angel/boardlib.s                 0x00000000   Number         0  boardinit2.o ABSOLUTE
    ../clib/angel/boardlib.s                 0x00000000   Number         0  boardinit3.o ABSOLUTE
    ../clib/angel/boardlib.s                 0x00000000   Number         0  boardshut.o ABSOLUTE
    ../clib/angel/handlers.s                 0x00000000   Number         0  __scatter_zi.o ABSOLUTE
    ../clib/angel/kernel.s                   0x00000000   Number         0  __rtentry.o ABSOLUTE
    ../clib/angel/kernel.s                   0x00000000   Number         0  __rtentry2.o ABSOLUTE
    ../clib/angel/kernel.s                   0x00000000   Number         0  __rtentry4.o ABSOLUTE
    ../clib/angel/kernel.s                   0x00000000   Number         0  rtexit.o ABSOLUTE
    ../clib/angel/kernel.s                   0x00000000   Number         0  rtexit2.o ABSOLUTE
    ../clib/angel/rt.s                       0x00000000   Number         0  rt_raise.o ABSOLUTE
    ../clib/angel/scatter.s                  0x00000000   Number         0  __scatter.o ABSOLUTE
    ../clib/angel/startup.s                  0x00000000   Number         0  __main.o ABSOLUTE
    ../clib/angel/sys.s                      0x00000000   Number         0  sys_stackheap_outer.o ABSOLUTE
    ../clib/angel/sys.s                      0x00000000   Number         0  libspace.o ABSOLUTE
    ../clib/angel/sys.s                      0x00000000   Number         0  use_no_semi.o ABSOLUTE
    ../clib/angel/sys.s                      0x00000000   Number         0  indicate_semi.o ABSOLUTE
    ../clib/angel/sysapp.c                   0x00000000   Number         0  sys_exit.o ABSOLUTE
    ../clib/angel/sysapp.c                   0x00000000   Number         0  sys_exit_hlt.o ABSOLUTE
    ../clib/angel/sysapp.c                   0x00000000   Number         0  sys_command.o ABSOLUTE
    ../clib/angel/sysapp.c                   0x00000000   Number         0  sys_command_hlt.o ABSOLUTE
    ../clib/angel/sysapp.c                   0x00000000   Number         0  sys_wrch.o ABSOLUTE
    ../clib/angel/sysapp.c                   0x00000000   Number         0  sys_wrch_hlt.o ABSOLUTE
    ../clib/armsys.c                         0x00000000   Number         0  argv_veneer.o ABSOLUTE
    ../clib/armsys.c                         0x00000000   Number         0  argv_veneer.o ABSOLUTE
    ../clib/armsys.c                         0x00000000   Number         0  _get_argv_nomalloc.o ABSOLUTE
    ../clib/armsys.c                         0x00000000   Number         0  no_argv.o ABSOLUTE
    ../clib/heapalloc.c                      0x00000000   Number         0  hrguard.o ABSOLUTE
    ../clib/heapaux.c                        0x00000000   Number         0  heapauxi.o ABSOLUTE
    ../clib/libinit.s                        0x00000000   Number         0  libinit.o ABSOLUTE
    ../clib/libinit.s                        0x00000000   Number         0  libinit2.o ABSOLUTE
    ../clib/libinit.s                        0x00000000   Number         0  libshutdown.o ABSOLUTE
    ../clib/libinit.s                        0x00000000   Number         0  libshutdown2.o ABSOLUTE
    ../clib/memcpset.s                       0x00000000   Number         0  rt_memcpy_v6.o ABSOLUTE
    ../clib/memcpset.s                       0x00000000   Number         0  rt_memclr_w.o ABSOLUTE
    ../clib/memcpset.s                       0x00000000   Number         0  rt_memcpy_w.o ABSOLUTE
    ../clib/signal.c                         0x00000000   Number         0  defsig_rtmem_outer.o ABSOLUTE
    ../clib/signal.c                         0x00000000   Number         0  defsig_rtmem_formal.o ABSOLUTE
    ../clib/signal.c                         0x00000000   Number         0  defsig_exit.o ABSOLUTE
    ../clib/signal.c                         0x00000000   Number         0  defsig_rtmem_inner.o ABSOLUTE
    ../clib/signal.c                         0x00000000   Number         0  __raise.o ABSOLUTE
    ../clib/signal.c                         0x00000000   Number         0  defsig_general.o ABSOLUTE
    ../clib/signal.c                         0x00000000   Number         0  defsig_abrt_inner.o ABSOLUTE
    ../clib/signal.c                         0x00000000   Number         0  defsig_fpe_inner.o ABSOLUTE
    ../clib/signal.c                         0x00000000   Number         0  defsig_rtred_inner.o ABSOLUTE
    ../clib/signal.c                         0x00000000   Number         0  defsig_stak_inner.o ABSOLUTE
    ../clib/signal.c                         0x00000000   Number         0  defsig_pvfn_inner.o ABSOLUTE
    ../clib/signal.c                         0x00000000   Number         0  defsig_cppl_inner.o ABSOLUTE
    ../clib/signal.c                         0x00000000   Number         0  defsig_segv_inner.o ABSOLUTE
    ../clib/signal.c                         0x00000000   Number         0  defsig_other.o ABSOLUTE
    ../clib/signal.s                         0x00000000   Number         0  defsig.o ABSOLUTE
    ../clib/stdlib.c                         0x00000000   Number         0  exit.o ABSOLUTE
    ../fplib/fpinit.s                        0x00000000   Number         0  fpinit.o ABSOLUTE
    RTE/Device/STM32F401CEUx/startup_stm32f401xe.s 0x00000000   Number         0  startup_stm32f401xe.o ABSOLUTE
    board_key.c                              0x00000000   Number         0  board_key.o ABSOLUTE
    board_led.c                              0x00000000   Number         0  board_led.o ABSOLUTE
    board_uart1.c                            0x00000000   Number         0  board_uart1.o ABSOLUTE
    dc.s                                     0x00000000   Number         0  dc.o ABSOLUTE
    main.c                                   0x00000000   Number         0  main.o ABSOLUTE
    mcu_tim11.c                              0x00000000   Number         0  mcu_tim11.o ABSOLUTE
    rb.c                                     0x00000000   Number         0  rb.o ABSOLUTE
    stm32f4xx_dma.c                          0x00000000   Number         0  stm32f4xx_dma.o ABSOLUTE
    stm32f4xx_it.c                           0x00000000   Number         0  stm32f4xx_it.o ABSOLUTE
    stm32f4xx_rcc.c                          0x00000000   Number         0  stm32f4xx_rcc.o ABSOLUTE
    system_stm32f4xx.c                       0x00000000   Number         0  system_stm32f4xx_1.o ABSOLUTE
    RESET                                    0x08000000   Section      404  startup_stm32f401xe.o(RESET)
    !!!main                                  0x08000194   Section        8  __main.o(!!!main)
    !!!scatter                               0x0800019c   Section       52  __scatter.o(!!!scatter)
    !!handler_zi                             0x080001d0   Section       28  __scatter_zi.o(!!handler_zi)
    .ARM.Collect$$libinit$$00000000          0x080001ec   Section        2  libinit.o(.ARM.Collect$$libinit$$00000000)
    .ARM.Collect$$libinit$$00000001          0x080001ee   Section        4  libinit2.o(.ARM.Collect$$libinit$$00000001)
    .ARM.Collect$$libinit$$00000004          0x080001f2   Section        0  libinit2.o(.ARM.Collect$$libinit$$00000004)
    .ARM.Collect$$libinit$$0000000A          0x080001f2   Section        0  libinit2.o(.ARM.Collect$$libinit$$0000000A)
    .ARM.Collect$$libinit$$0000000C          0x080001f2   Section        0  libinit2.o(.ARM.Collect$$libinit$$0000000C)
    .ARM.Collect$$libinit$$0000000E          0x080001f2   Section        0  libinit2.o(.ARM.Collect$$libinit$$0000000E)
    .ARM.Collect$$libinit$$00000011          0x080001f2   Section        0  libinit2.o(.ARM.Collect$$libinit$$00000011)
    .ARM.Collect$$libinit$$00000013          0x080001f2   Section        0  libinit2.o(.ARM.Collect$$libinit$$00000013)
    .ARM.Collect$$libinit$$00000015          0x080001f2   Section        0  libinit2.o(.ARM.Collect$$libinit$$00000015)
    .ARM.Collect$$libinit$$00000017          0x080001f2   Section        0  libinit2.o(.ARM.Collect$$libinit$$00000017)
    .ARM.Collect$$libinit$$00000019          0x080001f2   Section        0  libinit2.o(.ARM.Collect$$libinit$$00000019)
    .ARM.Collect$$libinit$$0000001B          0x080001f2   Section        0  libinit2.o(.ARM.Collect$$libinit$$0000001B)
    .ARM.Collect$$libinit$$0000001D          0x080001f2   Section        0  libinit2.o(.ARM.Collect$$libinit$$0000001D)
    .ARM.Collect$$libinit$$0000001F          0x080001f2   Section        0  libinit2.o(.ARM.Collect$$libinit$$0000001F)
    .ARM.Collect$$libinit$$00000021          0x080001f2   Section        0  libinit2.o(.ARM.Collect$$libinit$$00000021)
    .ARM.Collect$$libinit$$00000023          0x080001f2   Section        0  libinit2.o(.ARM.Collect$$libinit$$00000023)
    .ARM.Collect$$libinit$$00000025          0x080001f2   Section        0  libinit2.o(.ARM.Collect$$libinit$$00000025)
    .ARM.Collect$$libinit$$0000002C          0x080001f2   Section        0  libinit2.o(.ARM.Collect$$libinit$$0000002C)
    .ARM.Collect$$libinit$$0000002E          0x080001f2   Section        0  libinit2.o(.ARM.Collect$$libinit$$0000002E)
    .ARM.Collect$$libinit$$00000030          0x080001f2   Section        0  libinit2.o(.ARM.Collect$$libinit$$00000030)
    .ARM.Collect$$libinit$$00000032          0x080001f2   Section        0  libinit2.o(.ARM.Collect$$libinit$$00000032)
    .ARM.Collect$$libinit$$00000033          0x080001f2   Section        2  libinit2.o(.ARM.Collect$$libinit$$00000033)
    .ARM.Collect$$libshutdown$$00000000      0x080001f4   Section        2  libshutdown.o(.ARM.Collect$$libshutdown$$00000000)
    .ARM.Collect$$libshutdown$$00000002      0x080001f6   Section        0  libshutdown2.o(.ARM.Collect$$libshutdown$$00000002)
    .ARM.Collect$$libshutdown$$00000004      0x080001f6   Section        0  libshutdown2.o(.ARM.Collect$$libshutdown$$00000004)
    .ARM.Collect$$libshutdown$$00000007      0x080001f6   Section        0  libshutdown2.o(.ARM.Collect$$libshutdown$$00000007)
    .ARM.Collect$$libshutdown$$0000000A      0x080001f6   Section        0  libshutdown2.o(.ARM.Collect$$libshutdown$$0000000A)
    .ARM.Collect$$libshutdown$$0000000C      0x080001f6   Section        0  libshutdown2.o(.ARM.Collect$$libshutdown$$0000000C)
    .ARM.Collect$$libshutdown$$0000000F      0x080001f6   Section        0  libshutdown2.o(.ARM.Collect$$libshutdown$$0000000F)
    .ARM.Collect$$libshutdown$$00000010      0x080001f6   Section        2  libshutdown2.o(.ARM.Collect$$libshutdown$$00000010)
    .ARM.Collect$$rtentry$$00000000          0x080001f8   Section        0  __rtentry.o(.ARM.Collect$$rtentry$$00000000)
    .ARM.Collect$$rtentry$$00000002          0x080001f8   Section        0  __rtentry2.o(.ARM.Collect$$rtentry$$00000002)
    .ARM.Collect$$rtentry$$00000004          0x080001f8   Section        6  __rtentry4.o(.ARM.Collect$$rtentry$$00000004)
    .ARM.Collect$$rtentry$$00000009          0x080001fe   Section        0  __rtentry2.o(.ARM.Collect$$rtentry$$00000009)
    .ARM.Collect$$rtentry$$0000000A          0x080001fe   Section        4  __rtentry2.o(.ARM.Collect$$rtentry$$0000000A)
    .ARM.Collect$$rtentry$$0000000C          0x08000202   Section        0  __rtentry2.o(.ARM.Collect$$rtentry$$0000000C)
    .ARM.Collect$$rtentry$$0000000D          0x08000202   Section        8  __rtentry2.o(.ARM.Collect$$rtentry$$0000000D)
    .ARM.Collect$$rtexit$$00000000           0x0800020a   Section        2  rtexit.o(.ARM.Collect$$rtexit$$00000000)
    .ARM.Collect$$rtexit$$00000002           0x0800020c   Section        0  rtexit2.o(.ARM.Collect$$rtexit$$00000002)
    .ARM.Collect$$rtexit$$00000003           0x0800020c   Section        4  rtexit2.o(.ARM.Collect$$rtexit$$00000003)
    .ARM.Collect$$rtexit$$00000004           0x08000210   Section        6  rtexit2.o(.ARM.Collect$$rtexit$$00000004)
    $v0                                      0x08000218   Number         0  startup_stm32f401xe.o(.text)
    .text                                    0x08000218   Section       64  startup_stm32f401xe.o(.text)
    .text                                    0x08000258   Section      138  rt_memcpy_v6.o(.text)
    .text                                    0x080002e2   Section       78  rt_memclr_w.o(.text)
    .text                                    0x08000330   Section        0  heapauxi.o(.text)
    .text                                    0x08000336   Section      100  rt_memcpy_w.o(.text)
    .text                                    0x0800039a   Section       74  sys_stackheap_outer.o(.text)
    .text                                    0x080003e4   Section        0  exit.o(.text)
    .text                                    0x080003f8   Section        8  libspace.o(.text)
    .text                                    0x08000400   Section        0  sys_exit.o(.text)
    .text                                    0x0800040c   Section        2  use_no_semi.o(.text)
    .text                                    0x0800040e   Section        0  indicate_semi.o(.text)
    [Anonymous Symbol]                       0x08000410   Section        0  stm32f4xx_it.o(.text.BusFault_Handler)
    [Anonymous Symbol]                       0x08000414   Section        0  board_uart1.o(.text.DMA2_Stream2_IRQHandler)
    [Anonymous Symbol]                       0x08000418   Section        0  stm32f4xx_it.o(.text.DebugMon_Handler)
    [Anonymous Symbol]                       0x0800041c   Section        0  stm32f4xx_it.o(.text.HardFault_Handler)
    [Anonymous Symbol]                       0x08000420   Section        0  stm32f4xx_it.o(.text.MemManage_Handler)
    [Anonymous Symbol]                       0x08000424   Section        0  stm32f4xx_it.o(.text.NMI_Handler)
    NVIC_EncodePriority                      0x08000429   Thumb Code    50  board_uart1.o(.text.NVIC_EncodePriority)
    [Anonymous Symbol]                       0x08000428   Section        0  board_uart1.o(.text.NVIC_EncodePriority)
    NVIC_EncodePriority                      0x0800045d   Thumb Code    50  mcu_tim11.o(.text.NVIC_EncodePriority)
    [Anonymous Symbol]                       0x0800045c   Section        0  mcu_tim11.o(.text.NVIC_EncodePriority)
    [Anonymous Symbol]                       0x08000490   Section        0  stm32f4xx_it.o(.text.PendSV_Handler)
    [Anonymous Symbol]                       0x08000494   Section        0  stm32f4xx_it.o(.text.SVC_Handler)
    [Anonymous Symbol]                       0x08000498   Section        0  stm32f4xx_it.o(.text.SysTick_Handler)
    [Anonymous Symbol]                       0x0800049c   Section        0  system_stm32f4xx_1.o(.text.SystemInit)
    [Anonymous Symbol]                       0x080004b0   Section        0  mcu_tim11.o(.text.TIM11_Delay_ms)
    [Anonymous Symbol]                       0x080004cc   Section        0  mcu_tim11.o(.text.TIM11_Delay_us)
    [Anonymous Symbol]                       0x080004f8   Section        0  mcu_tim11.o(.text.TIM1_TRG_COM_TIM11_IRQHandler)
    [Anonymous Symbol]                       0x08000528   Section        0  board_uart1.o(.text.USART1_IRQHandler)
    [Anonymous Symbol]                       0x08000558   Section        0  stm32f4xx_it.o(.text.UsageFault_Handler)
    __NVIC_EnableIRQ                         0x0800055d   Thumb Code    14  board_uart1.o(.text.__NVIC_EnableIRQ)
    [Anonymous Symbol]                       0x0800055c   Section        0  board_uart1.o(.text.__NVIC_EnableIRQ)
    __NVIC_EnableIRQ                         0x0800056d   Thumb Code    16  mcu_tim11.o(.text.__NVIC_EnableIRQ)
    [Anonymous Symbol]                       0x0800056c   Section        0  mcu_tim11.o(.text.__NVIC_EnableIRQ)
    __NVIC_GetPriorityGrouping               0x0800057d   Thumb Code    16  board_uart1.o(.text.__NVIC_GetPriorityGrouping)
    [Anonymous Symbol]                       0x0800057c   Section        0  board_uart1.o(.text.__NVIC_GetPriorityGrouping)
    __NVIC_GetPriorityGrouping               0x0800058d   Thumb Code    16  mcu_tim11.o(.text.__NVIC_GetPriorityGrouping)
    [Anonymous Symbol]                       0x0800058c   Section        0  mcu_tim11.o(.text.__NVIC_GetPriorityGrouping)
    __NVIC_SetPriority                       0x0800059d   Thumb Code    14  board_uart1.o(.text.__NVIC_SetPriority)
    [Anonymous Symbol]                       0x0800059c   Section        0  board_uart1.o(.text.__NVIC_SetPriority)
    __NVIC_SetPriority                       0x080005ad   Thumb Code    14  mcu_tim11.o(.text.__NVIC_SetPriority)
    [Anonymous Symbol]                       0x080005ac   Section        0  mcu_tim11.o(.text.__NVIC_SetPriority)
    __NVIC_SetPriorityGrouping               0x080005bd   Thumb Code    28  main.o(.text.__NVIC_SetPriorityGrouping)
    [Anonymous Symbol]                       0x080005bc   Section        0  main.o(.text.__NVIC_SetPriorityGrouping)
    [Anonymous Symbol]                       0x080005d8   Section        0  board_key.o(.text.board_key_init)
    [Anonymous Symbol]                       0x08000620   Section        0  board_led.o(.text.board_led_init)
    [Anonymous Symbol]                       0x08000660   Section        0  board_led.o(.text.board_led_off)
    [Anonymous Symbol]                       0x08000674   Section        0  board_led.o(.text.board_led_toggle)
    [Anonymous Symbol]                       0x08000690   Section        0  board_uart1.o(.text.board_uart1_get_char)
    [Anonymous Symbol]                       0x080006d4   Section        0  board_uart1.o(.text.board_uart1_init)
    [Anonymous Symbol]                       0x08000788   Section        0  board_uart1.o(.text.board_uart1_send_char)
    [Anonymous Symbol]                       0x0800079c   Section        0  board_uart1.o(.text.board_uart1_send_string)
    [Anonymous Symbol]                       0x080007b8   Section        0  board_uart1.o(.text.handle_data_pack)
    [Anonymous Symbol]                       0x080007cc   Section        0  board_uart1.o(.text.handle_error_pack)
    [Anonymous Symbol]                       0x08000814   Section        0  main.o(.text.main)
    [Anonymous Symbol]                       0x0800083c   Section        0  mcu_tim11.o(.text.mcu_tim11_init)
    [Anonymous Symbol]                       0x080008a8   Section        0  rb.o(.text.rb_get_free_len)
    [Anonymous Symbol]                       0x080008e8   Section        0  rb.o(.text.rb_get_len_can_read)
    [Anonymous Symbol]                       0x08000928   Section        0  rb.o(.text.rb_init)
    [Anonymous Symbol]                       0x0800094c   Section        0  rb.o(.text.rb_read)
    [Anonymous Symbol]                       0x080009d4   Section        0  rb.o(.text.rb_write)
    [Anonymous Symbol]                       0x08000a5c   Section        0  board_uart1.o(.text.uart1_datapack_handler)
    [Anonymous Symbol]                       0x08000b64   Section        0  board_uart1.o(.text.uart_data_pack_send)
    $v0                                      0x08000bc6   Number         0  fpinit.o(x$fpl$fpinit)
    x$fpl$fpinit                             0x08000bc6   Section       26  fpinit.o(x$fpl$fpinit)
    .bss                                     0x20000000   Section       96  libspace.o(.bss)
    uart1_datapack_handler.data_len          0x2000106c   Data           4  board_uart1.o(.bss.uart1_datapack_handler.data_len)
    [Anonymous Symbol]                       0x2000106c   Section        0  board_uart1.o(.bss.uart1_datapack_handler.data_len)
    uart1_datapack_handler.data_len_recv_flag 0x20001070   Data           1  board_uart1.o(.bss.uart1_datapack_handler.data_len_recv_flag)
    [Anonymous Symbol]                       0x20001070   Section        0  board_uart1.o(.bss.uart1_datapack_handler.data_len_recv_flag)
    uart1_datapack_handler.recv_char         0x20001071   Data           1  board_uart1.o(.bss.uart1_datapack_handler.recv_char)
    [Anonymous Symbol]                       0x20001071   Section        0  board_uart1.o(.bss.uart1_datapack_handler.recv_char)
    Heap_Mem                                 0x20001888   Data         512  startup_stm32f401xe.o(HEAP)
    HEAP                                     0x20001888   Section      512  startup_stm32f401xe.o(HEAP)
    Stack_Mem                                0x20001a88   Data        1024  startup_stm32f401xe.o(STACK)
    STACK                                    0x20001a88   Section     1024  startup_stm32f401xe.o(STACK)
    __initial_sp                             0x20001e88   Data           0  startup_stm32f401xe.o(STACK)

    Global Symbols

    Symbol Name                              Value     Ov Type        Size  Object(Section)

    BuildAttributes$$THM_ISAv4$E$P$D$K$B$S$7EM$VFPi3$EXTD16$VFPS$VFMA$PE$A:L22UL41UL21$X:L11$S22US41US21$IEEE1$IW$~IW$USESV6$~STKCKD$USESV7$~SHL$OTIME$ROPI$EBA8$UX$STANDARDLIB$REQ8$PRES8$EABIv2 0x00000000   Number         0  anon$$obj.o ABSOLUTE
    __ARM_exceptions_init                     - Undefined Weak Reference
    __alloca_initialize                       - Undefined Weak Reference
    __arm_preinit_                            - Undefined Weak Reference
    __cpp_initialize__aeabi_                  - Undefined Weak Reference
    __cxa_finalize                            - Undefined Weak Reference
    __rt_locale                               - Undefined Weak Reference
    __sigvec_lookup                           - Undefined Weak Reference
    _atexit_init                              - Undefined Weak Reference
    _call_atexit_fns                          - Undefined Weak Reference
    _clock_init                               - Undefined Weak Reference
    _fp_trap_init                             - Undefined Weak Reference
    _fp_trap_shutdown                         - Undefined Weak Reference
    _get_lc_collate                           - Undefined Weak Reference
    _get_lc_ctype                             - Undefined Weak Reference
    _get_lc_monetary                          - Undefined Weak Reference
    _get_lc_numeric                           - Undefined Weak Reference
    _get_lc_time                              - Undefined Weak Reference
    _getenv_init                              - Undefined Weak Reference
    _handle_redirection                       - Undefined Weak Reference
    _init_alloc                               - Undefined Weak Reference
    _init_user_alloc                          - Undefined Weak Reference
    _initio                                   - Undefined Weak Reference
    _rand_init                                - Undefined Weak Reference
    _signal_finish                            - Undefined Weak Reference
    _signal_init                              - Undefined Weak Reference
    _terminate_alloc                          - Undefined Weak Reference
    _terminate_user_alloc                     - Undefined Weak Reference
    _terminateio                              - Undefined Weak Reference
    __Vectors_Size                           0x00000194   Number         0  startup_stm32f401xe.o ABSOLUTE
    __Vectors                                0x08000000   Data           4  startup_stm32f401xe.o(RESET)
    __Vectors_End                            0x08000194   Data           0  startup_stm32f401xe.o(RESET)
    __main                                   0x08000195   Thumb Code     8  __main.o(!!!main)
    __scatterload                            0x0800019d   Thumb Code     0  __scatter.o(!!!scatter)
    __scatterload_rt2                        0x0800019d   Thumb Code    44  __scatter.o(!!!scatter)
    __scatterload_rt2_thumb_only             0x0800019d   Thumb Code     0  __scatter.o(!!!scatter)
    __scatterload_null                       0x080001ab   Thumb Code     0  __scatter.o(!!!scatter)
    __scatterload_zeroinit                   0x080001d1   Thumb Code    28  __scatter_zi.o(!!handler_zi)
    __rt_lib_init                            0x080001ed   Thumb Code     0  libinit.o(.ARM.Collect$$libinit$$00000000)
    __rt_lib_init_fp_1                       0x080001ef   Thumb Code     0  libinit2.o(.ARM.Collect$$libinit$$00000001)
    __rt_lib_init_alloca_1                   0x080001f3   Thumb Code     0  libinit2.o(.ARM.Collect$$libinit$$0000002E)
    __rt_lib_init_argv_1                     0x080001f3   Thumb Code     0  libinit2.o(.ARM.Collect$$libinit$$0000002C)
    __rt_lib_init_atexit_1                   0x080001f3   Thumb Code     0  libinit2.o(.ARM.Collect$$libinit$$0000001B)
    __rt_lib_init_clock_1                    0x080001f3   Thumb Code     0  libinit2.o(.ARM.Collect$$libinit$$00000021)
    __rt_lib_init_cpp_1                      0x080001f3   Thumb Code     0  libinit2.o(.ARM.Collect$$libinit$$00000032)
    __rt_lib_init_exceptions_1               0x080001f3   Thumb Code     0  libinit2.o(.ARM.Collect$$libinit$$00000030)
    __rt_lib_init_fp_trap_1                  0x080001f3   Thumb Code     0  libinit2.o(.ARM.Collect$$libinit$$0000001F)
    __rt_lib_init_getenv_1                   0x080001f3   Thumb Code     0  libinit2.o(.ARM.Collect$$libinit$$00000023)
    __rt_lib_init_heap_1                     0x080001f3   Thumb Code     0  libinit2.o(.ARM.Collect$$libinit$$0000000A)
    __rt_lib_init_lc_collate_1               0x080001f3   Thumb Code     0  libinit2.o(.ARM.Collect$$libinit$$00000011)
    __rt_lib_init_lc_ctype_1                 0x080001f3   Thumb Code     0  libinit2.o(.ARM.Collect$$libinit$$00000013)
    __rt_lib_init_lc_monetary_1              0x080001f3   Thumb Code     0  libinit2.o(.ARM.Collect$$libinit$$00000015)
    __rt_lib_init_lc_numeric_1               0x080001f3   Thumb Code     0  libinit2.o(.ARM.Collect$$libinit$$00000017)
    __rt_lib_init_lc_time_1                  0x080001f3   Thumb Code     0  libinit2.o(.ARM.Collect$$libinit$$00000019)
    __rt_lib_init_preinit_1                  0x080001f3   Thumb Code     0  libinit2.o(.ARM.Collect$$libinit$$00000004)
    __rt_lib_init_rand_1                     0x080001f3   Thumb Code     0  libinit2.o(.ARM.Collect$$libinit$$0000000E)
    __rt_lib_init_return                     0x080001f3   Thumb Code     0  libinit2.o(.ARM.Collect$$libinit$$00000033)
    __rt_lib_init_signal_1                   0x080001f3   Thumb Code     0  libinit2.o(.ARM.Collect$$libinit$$0000001D)
    __rt_lib_init_stdio_1                    0x080001f3   Thumb Code     0  libinit2.o(.ARM.Collect$$libinit$$00000025)
    __rt_lib_init_user_alloc_1               0x080001f3   Thumb Code     0  libinit2.o(.ARM.Collect$$libinit$$0000000C)
    __rt_lib_shutdown                        0x080001f5   Thumb Code     0  libshutdown.o(.ARM.Collect$$libshutdown$$00000000)
    __rt_lib_shutdown_cpp_1                  0x080001f7   Thumb Code     0  libshutdown2.o(.ARM.Collect$$libshutdown$$00000002)
    __rt_lib_shutdown_fp_trap_1              0x080001f7   Thumb Code     0  libshutdown2.o(.ARM.Collect$$libshutdown$$00000007)
    __rt_lib_shutdown_heap_1                 0x080001f7   Thumb Code     0  libshutdown2.o(.ARM.Collect$$libshutdown$$0000000F)
    __rt_lib_shutdown_return                 0x080001f7   Thumb Code     0  libshutdown2.o(.ARM.Collect$$libshutdown$$00000010)
    __rt_lib_shutdown_signal_1               0x080001f7   Thumb Code     0  libshutdown2.o(.ARM.Collect$$libshutdown$$0000000A)
    __rt_lib_shutdown_stdio_1                0x080001f7   Thumb Code     0  libshutdown2.o(.ARM.Collect$$libshutdown$$00000004)
    __rt_lib_shutdown_user_alloc_1           0x080001f7   Thumb Code     0  libshutdown2.o(.ARM.Collect$$libshutdown$$0000000C)
    __rt_entry                               0x080001f9   Thumb Code     0  __rtentry.o(.ARM.Collect$$rtentry$$00000000)
    __rt_entry_presh_1                       0x080001f9   Thumb Code     0  __rtentry2.o(.ARM.Collect$$rtentry$$00000002)
    __rt_entry_sh                            0x080001f9   Thumb Code     0  __rtentry4.o(.ARM.Collect$$rtentry$$00000004)
    __rt_entry_li                            0x080001ff   Thumb Code     0  __rtentry2.o(.ARM.Collect$$rtentry$$0000000A)
    __rt_entry_postsh_1                      0x080001ff   Thumb Code     0  __rtentry2.o(.ARM.Collect$$rtentry$$00000009)
    __rt_entry_main                          0x08000203   Thumb Code     0  __rtentry2.o(.ARM.Collect$$rtentry$$0000000D)
    __rt_entry_postli_1                      0x08000203   Thumb Code     0  __rtentry2.o(.ARM.Collect$$rtentry$$0000000C)
    __rt_exit                                0x0800020b   Thumb Code     0  rtexit.o(.ARM.Collect$$rtexit$$00000000)
    __rt_exit_ls                             0x0800020d   Thumb Code     0  rtexit2.o(.ARM.Collect$$rtexit$$00000003)
    __rt_exit_prels_1                        0x0800020d   Thumb Code     0  rtexit2.o(.ARM.Collect$$rtexit$$00000002)
    __rt_exit_exit                           0x08000211   Thumb Code     0  rtexit2.o(.ARM.Collect$$rtexit$$00000004)
    Reset_Handler                            0x08000219   Thumb Code     8  startup_stm32f401xe.o(.text)
    ADC_IRQHandler                           0x08000233   Thumb Code     0  startup_stm32f401xe.o(.text)
    DMA1_Stream0_IRQHandler                  0x08000233   Thumb Code     0  startup_stm32f401xe.o(.text)
    DMA1_Stream1_IRQHandler                  0x08000233   Thumb Code     0  startup_stm32f401xe.o(.text)
    DMA1_Stream2_IRQHandler                  0x08000233   Thumb Code     0  startup_stm32f401xe.o(.text)
    DMA1_Stream3_IRQHandler                  0x08000233   Thumb Code     0  startup_stm32f401xe.o(.text)
    DMA1_Stream4_IRQHandler                  0x08000233   Thumb Code     0  startup_stm32f401xe.o(.text)
    DMA1_Stream5_IRQHandler                  0x08000233   Thumb Code     0  startup_stm32f401xe.o(.text)
    DMA1_Stream6_IRQHandler                  0x08000233   Thumb Code     0  startup_stm32f401xe.o(.text)
    DMA1_Stream7_IRQHandler                  0x08000233   Thumb Code     0  startup_stm32f401xe.o(.text)
    DMA2_Stream0_IRQHandler                  0x08000233   Thumb Code     0  startup_stm32f401xe.o(.text)
    DMA2_Stream1_IRQHandler                  0x08000233   Thumb Code     0  startup_stm32f401xe.o(.text)
    DMA2_Stream3_IRQHandler                  0x08000233   Thumb Code     0  startup_stm32f401xe.o(.text)
    DMA2_Stream4_IRQHandler                  0x08000233   Thumb Code     0  startup_stm32f401xe.o(.text)
    DMA2_Stream5_IRQHandler                  0x08000233   Thumb Code     0  startup_stm32f401xe.o(.text)
    DMA2_Stream6_IRQHandler                  0x08000233   Thumb Code     0  startup_stm32f401xe.o(.text)
    DMA2_Stream7_IRQHandler                  0x08000233   Thumb Code     0  startup_stm32f401xe.o(.text)
    EXTI0_IRQHandler                         0x08000233   Thumb Code     0  startup_stm32f401xe.o(.text)
    EXTI15_10_IRQHandler                     0x08000233   Thumb Code     0  startup_stm32f401xe.o(.text)
    EXTI1_IRQHandler                         0x08000233   Thumb Code     0  startup_stm32f401xe.o(.text)
    EXTI2_IRQHandler                         0x08000233   Thumb Code     0  startup_stm32f401xe.o(.text)
    EXTI3_IRQHandler                         0x08000233   Thumb Code     0  startup_stm32f401xe.o(.text)
    EXTI4_IRQHandler                         0x08000233   Thumb Code     0  startup_stm32f401xe.o(.text)
    EXTI9_5_IRQHandler                       0x08000233   Thumb Code     0  startup_stm32f401xe.o(.text)
    FLASH_IRQHandler                         0x08000233   Thumb Code     0  startup_stm32f401xe.o(.text)
    FPU_IRQHandler                           0x08000233   Thumb Code     0  startup_stm32f401xe.o(.text)
    I2C1_ER_IRQHandler                       0x08000233   Thumb Code     0  startup_stm32f401xe.o(.text)
    I2C1_EV_IRQHandler                       0x08000233   Thumb Code     0  startup_stm32f401xe.o(.text)
    I2C2_ER_IRQHandler                       0x08000233   Thumb Code     0  startup_stm32f401xe.o(.text)
    I2C2_EV_IRQHandler                       0x08000233   Thumb Code     0  startup_stm32f401xe.o(.text)
    I2C3_ER_IRQHandler                       0x08000233   Thumb Code     0  startup_stm32f401xe.o(.text)
    I2C3_EV_IRQHandler                       0x08000233   Thumb Code     0  startup_stm32f401xe.o(.text)
    OTG_FS_IRQHandler                        0x08000233   Thumb Code     0  startup_stm32f401xe.o(.text)
    OTG_FS_WKUP_IRQHandler                   0x08000233   Thumb Code     0  startup_stm32f401xe.o(.text)
    PVD_IRQHandler                           0x08000233   Thumb Code     0  startup_stm32f401xe.o(.text)
    RCC_IRQHandler                           0x08000233   Thumb Code     0  startup_stm32f401xe.o(.text)
    RTC_Alarm_IRQHandler                     0x08000233   Thumb Code     0  startup_stm32f401xe.o(.text)
    RTC_WKUP_IRQHandler                      0x08000233   Thumb Code     0  startup_stm32f401xe.o(.text)
    SDIO_IRQHandler                          0x08000233   Thumb Code     0  startup_stm32f401xe.o(.text)
    SPI1_IRQHandler                          0x08000233   Thumb Code     0  startup_stm32f401xe.o(.text)
    SPI2_IRQHandler                          0x08000233   Thumb Code     0  startup_stm32f401xe.o(.text)
    SPI3_IRQHandler                          0x08000233   Thumb Code     0  startup_stm32f401xe.o(.text)
    SPI4_IRQHandler                          0x08000233   Thumb Code     0  startup_stm32f401xe.o(.text)
    TAMP_STAMP_IRQHandler                    0x08000233   Thumb Code     0  startup_stm32f401xe.o(.text)
    TIM1_BRK_TIM9_IRQHandler                 0x08000233   Thumb Code     0  startup_stm32f401xe.o(.text)
    TIM1_CC_IRQHandler                       0x08000233   Thumb Code     0  startup_stm32f401xe.o(.text)
    TIM1_UP_TIM10_IRQHandler                 0x08000233   Thumb Code     0  startup_stm32f401xe.o(.text)
    TIM2_IRQHandler                          0x08000233   Thumb Code     0  startup_stm32f401xe.o(.text)
    TIM3_IRQHandler                          0x08000233   Thumb Code     0  startup_stm32f401xe.o(.text)
    TIM4_IRQHandler                          0x08000233   Thumb Code     0  startup_stm32f401xe.o(.text)
    TIM5_IRQHandler                          0x08000233   Thumb Code     0  startup_stm32f401xe.o(.text)
    USART2_IRQHandler                        0x08000233   Thumb Code     0  startup_stm32f401xe.o(.text)
    USART6_IRQHandler                        0x08000233   Thumb Code     0  startup_stm32f401xe.o(.text)
    WWDG_IRQHandler                          0x08000233   Thumb Code     0  startup_stm32f401xe.o(.text)
    __user_initial_stackheap                 0x08000235   Thumb Code     0  startup_stm32f401xe.o(.text)
    __aeabi_memcpy                           0x08000259   Thumb Code     0  rt_memcpy_v6.o(.text)
    __rt_memcpy                              0x08000259   Thumb Code   138  rt_memcpy_v6.o(.text)
    _memcpy_lastbytes                        0x080002bf   Thumb Code     0  rt_memcpy_v6.o(.text)
    __aeabi_memclr4                          0x080002e3   Thumb Code     0  rt_memclr_w.o(.text)
    __aeabi_memclr8                          0x080002e3   Thumb Code     0  rt_memclr_w.o(.text)
    __rt_memclr_w                            0x080002e3   Thumb Code     0  rt_memclr_w.o(.text)
    _memset_w                                0x080002e7   Thumb Code    74  rt_memclr_w.o(.text)
    __use_two_region_memory                  0x08000331   Thumb Code     2  heapauxi.o(.text)
    __rt_heap_escrow$2region                 0x08000333   Thumb Code     2  heapauxi.o(.text)
    __rt_heap_expand$2region                 0x08000335   Thumb Code     2  heapauxi.o(.text)
    __aeabi_memcpy4                          0x08000337   Thumb Code     0  rt_memcpy_w.o(.text)
    __aeabi_memcpy8                          0x08000337   Thumb Code     0  rt_memcpy_w.o(.text)
    __rt_memcpy_w                            0x08000337   Thumb Code   100  rt_memcpy_w.o(.text)
    _memcpy_lastbytes_aligned                0x0800037f   Thumb Code     0  rt_memcpy_w.o(.text)
    __user_setup_stackheap                   0x0800039b   Thumb Code    74  sys_stackheap_outer.o(.text)
    exit                                     0x080003e5   Thumb Code    18  exit.o(.text)
    __user_libspace                          0x080003f9   Thumb Code     8  libspace.o(.text)
    __user_perproc_libspace                  0x080003f9   Thumb Code     0  libspace.o(.text)
    __user_perthread_libspace                0x080003f9   Thumb Code     0  libspace.o(.text)
    _sys_exit                                0x08000401   Thumb Code     8  sys_exit.o(.text)
    __I$use$semihosting                      0x0800040d   Thumb Code     0  use_no_semi.o(.text)
    __use_no_semihosting_swi                 0x0800040d   Thumb Code     2  use_no_semi.o(.text)
    __semihosting_library_function           0x0800040f   Thumb Code     0  indicate_semi.o(.text)
    BusFault_Handler                         0x08000411   Thumb Code     2  stm32f4xx_it.o(.text.BusFault_Handler)
    DMA2_Stream2_IRQHandler                  0x08000415   Thumb Code     2  board_uart1.o(.text.DMA2_Stream2_IRQHandler)
    DebugMon_Handler                         0x08000419   Thumb Code     2  stm32f4xx_it.o(.text.DebugMon_Handler)
    HardFault_Handler                        0x0800041d   Thumb Code     2  stm32f4xx_it.o(.text.HardFault_Handler)
    MemManage_Handler                        0x08000421   Thumb Code     2  stm32f4xx_it.o(.text.MemManage_Handler)
    NMI_Handler                              0x08000425   Thumb Code     2  stm32f4xx_it.o(.text.NMI_Handler)
    PendSV_Handler                           0x08000491   Thumb Code     2  stm32f4xx_it.o(.text.PendSV_Handler)
    SVC_Handler                              0x08000495   Thumb Code     2  stm32f4xx_it.o(.text.SVC_Handler)
    SysTick_Handler                          0x08000499   Thumb Code     2  stm32f4xx_it.o(.text.SysTick_Handler)
    SystemInit                               0x0800049d   Thumb Code    18  system_stm32f4xx_1.o(.text.SystemInit)
    TIM11_Delay_ms                           0x080004b1   Thumb Code    28  mcu_tim11.o(.text.TIM11_Delay_ms)
    TIM11_Delay_us                           0x080004cd   Thumb Code    44  mcu_tim11.o(.text.TIM11_Delay_us)
    TIM1_TRG_COM_TIM11_IRQHandler            0x080004f9   Thumb Code    46  mcu_tim11.o(.text.TIM1_TRG_COM_TIM11_IRQHandler)
    USART1_IRQHandler                        0x08000529   Thumb Code    46  board_uart1.o(.text.USART1_IRQHandler)
    UsageFault_Handler                       0x08000559   Thumb Code     2  stm32f4xx_it.o(.text.UsageFault_Handler)
    board_key_init                           0x080005d9   Thumb Code    72  board_key.o(.text.board_key_init)
    board_led_init                           0x08000621   Thumb Code    64  board_led.o(.text.board_led_init)
    board_led_off                            0x08000661   Thumb Code    18  board_led.o(.text.board_led_off)
    board_led_toggle                         0x08000675   Thumb Code    26  board_led.o(.text.board_led_toggle)
    board_uart1_get_char                     0x08000691   Thumb Code    66  board_uart1.o(.text.board_uart1_get_char)
    board_uart1_init                         0x080006d5   Thumb Code   178  board_uart1.o(.text.board_uart1_init)
    board_uart1_send_char                    0x08000789   Thumb Code    20  board_uart1.o(.text.board_uart1_send_char)
    board_uart1_send_string                  0x0800079d   Thumb Code    28  board_uart1.o(.text.board_uart1_send_string)
    handle_data_pack                         0x080007b9   Thumb Code    20  board_uart1.o(.text.handle_data_pack)
    handle_error_pack                        0x080007cd   Thumb Code    24  board_uart1.o(.text.handle_error_pack)
    main                                     0x08000815   Thumb Code    40  main.o(.text.main)
    mcu_tim11_init                           0x0800083d   Thumb Code   108  mcu_tim11.o(.text.mcu_tim11_init)
    rb_get_free_len                          0x080008a9   Thumb Code    64  rb.o(.text.rb_get_free_len)
    rb_get_len_can_read                      0x080008e9   Thumb Code    64  rb.o(.text.rb_get_len_can_read)
    rb_init                                  0x08000929   Thumb Code    36  rb.o(.text.rb_init)
    rb_read                                  0x0800094d   Thumb Code   136  rb.o(.text.rb_read)
    rb_write                                 0x080009d5   Thumb Code   136  rb.o(.text.rb_write)
    uart1_datapack_handler                   0x08000a5d   Thumb Code   262  board_uart1.o(.text.uart1_datapack_handler)
    uart_data_pack_send                      0x08000b65   Thumb Code    98  board_uart1.o(.text.uart_data_pack_send)
    _fp_init                                 0x08000bc7   Thumb Code    26  fpinit.o(x$fpl$fpinit)
    __fplib_config_fpu_vfp                   0x08000bdf   Thumb Code     0  fpinit.o(x$fpl$fpinit)
    __fplib_config_pureend_doubles           0x08000bdf   Thumb Code     0  fpinit.o(x$fpl$fpinit)
    Region$$Table$$Base                      0x08000be0   Number         0  anon$$obj.o(Region$$Table)
    Region$$Table$$Limit                     0x08000bf0   Number         0  anon$$obj.o(Region$$Table)
    __libspace_start                         0x20000000   Data          96  libspace.o(.bss)
    __temporary_stack_top$libspace           0x20000060   Data           0  libspace.o(.bss)
    buffer                                   0x20000060   Data        2048  board_uart1.o(.bss.buffer)
    buffer_index                             0x20000860   Data           4  board_uart1.o(.bss.buffer_index)
    send_buffer                              0x20000864   Data        2048  board_uart1.o(.bss.send_buffer)
    status                                   0x20001064   Data           1  board_uart1.o(.bss.status)
    tim11_flag                               0x20001068   Data           4  mcu_tim11.o(.bss.tim11_flag)
    usart1_rb_handle                         0x20001074   Data          16  board_uart1.o(.bss.usart1_rb_handle)
    usart1_rx_rxne_rb                        0x20001084   Data        2048  board_uart1.o(.bss.usart1_rx_rxne_rb)



==============================================================================

Memory Map of the image

  Image Entry point : 0x08000195

  Load Region LR_IROM1 (Base: 0x08000000, Size: 0x00000bf0, Max: 0x00080000, ABSOLUTE)

    Execution Region ER_IROM1 (Exec base: 0x08000000, Load base: 0x08000000, Size: 0x00000bf0, Max: 0x00080000, ABSOLUTE)

    Exec Addr    Load Addr    Size         Type   Attr      Idx    E Section Name        Object

    0x08000000   0x08000000   0x00000194   Data   RO          311    RESET               startup_stm32f401xe.o
    0x08000194   0x08000194   0x00000008   Code   RO          341  * !!!main             c_w.l(__main.o)
    0x0800019c   0x0800019c   0x00000034   Code   RO          506    !!!scatter          c_w.l(__scatter.o)
    0x080001d0   0x080001d0   0x0000001c   Code   RO          508    !!handler_zi        c_w.l(__scatter_zi.o)
    0x080001ec   0x080001ec   0x00000002   Code   RO          370    .ARM.Collect$$libinit$$00000000  c_w.l(libinit.o)
    0x080001ee   0x080001ee   0x00000004   Code   RO          376    .ARM.Collect$$libinit$$00000001  c_w.l(libinit2.o)
    0x080001f2   0x080001f2   0x00000000   Code   RO          379    .ARM.Collect$$libinit$$00000004  c_w.l(libinit2.o)
    0x080001f2   0x080001f2   0x00000000   Code   RO          382    .ARM.Collect$$libinit$$0000000A  c_w.l(libinit2.o)
    0x080001f2   0x080001f2   0x00000000   Code   RO          384    .ARM.Collect$$libinit$$0000000C  c_w.l(libinit2.o)
    0x080001f2   0x080001f2   0x00000000   Code   RO          386    .ARM.Collect$$libinit$$0000000E  c_w.l(libinit2.o)
    0x080001f2   0x080001f2   0x00000000   Code   RO          389    .ARM.Collect$$libinit$$00000011  c_w.l(libinit2.o)
    0x080001f2   0x080001f2   0x00000000   Code   RO          391    .ARM.Collect$$libinit$$00000013  c_w.l(libinit2.o)
    0x080001f2   0x080001f2   0x00000000   Code   RO          393    .ARM.Collect$$libinit$$00000015  c_w.l(libinit2.o)
    0x080001f2   0x080001f2   0x00000000   Code   RO          395    .ARM.Collect$$libinit$$00000017  c_w.l(libinit2.o)
    0x080001f2   0x080001f2   0x00000000   Code   RO          397    .ARM.Collect$$libinit$$00000019  c_w.l(libinit2.o)
    0x080001f2   0x080001f2   0x00000000   Code   RO          399    .ARM.Collect$$libinit$$0000001B  c_w.l(libinit2.o)
    0x080001f2   0x080001f2   0x00000000   Code   RO          401    .ARM.Collect$$libinit$$0000001D  c_w.l(libinit2.o)
    0x080001f2   0x080001f2   0x00000000   Code   RO          403    .ARM.Collect$$libinit$$0000001F  c_w.l(libinit2.o)
    0x080001f2   0x080001f2   0x00000000   Code   RO          405    .ARM.Collect$$libinit$$00000021  c_w.l(libinit2.o)
    0x080001f2   0x080001f2   0x00000000   Code   RO          407    .ARM.Collect$$libinit$$00000023  c_w.l(libinit2.o)
    0x080001f2   0x080001f2   0x00000000   Code   RO          409    .ARM.Collect$$libinit$$00000025  c_w.l(libinit2.o)
    0x080001f2   0x080001f2   0x00000000   Code   RO          413    .ARM.Collect$$libinit$$0000002C  c_w.l(libinit2.o)
    0x080001f2   0x080001f2   0x00000000   Code   RO          415    .ARM.Collect$$libinit$$0000002E  c_w.l(libinit2.o)
    0x080001f2   0x080001f2   0x00000000   Code   RO          417    .ARM.Collect$$libinit$$00000030  c_w.l(libinit2.o)
    0x080001f2   0x080001f2   0x00000000   Code   RO          419    .ARM.Collect$$libinit$$00000032  c_w.l(libinit2.o)
    0x080001f2   0x080001f2   0x00000002   Code   RO          420    .ARM.Collect$$libinit$$00000033  c_w.l(libinit2.o)
    0x080001f4   0x080001f4   0x00000002   Code   RO          442    .ARM.Collect$$libshutdown$$00000000  c_w.l(libshutdown.o)
    0x080001f6   0x080001f6   0x00000000   Code   RO          457    .ARM.Collect$$libshutdown$$00000002  c_w.l(libshutdown2.o)
    0x080001f6   0x080001f6   0x00000000   Code   RO          459    .ARM.Collect$$libshutdown$$00000004  c_w.l(libshutdown2.o)
    0x080001f6   0x080001f6   0x00000000   Code   RO          462    .ARM.Collect$$libshutdown$$00000007  c_w.l(libshutdown2.o)
    0x080001f6   0x080001f6   0x00000000   Code   RO          465    .ARM.Collect$$libshutdown$$0000000A  c_w.l(libshutdown2.o)
    0x080001f6   0x080001f6   0x00000000   Code   RO          467    .ARM.Collect$$libshutdown$$0000000C  c_w.l(libshutdown2.o)
    0x080001f6   0x080001f6   0x00000000   Code   RO          470    .ARM.Collect$$libshutdown$$0000000F  c_w.l(libshutdown2.o)
    0x080001f6   0x080001f6   0x00000002   Code   RO          471    .ARM.Collect$$libshutdown$$00000010  c_w.l(libshutdown2.o)
    0x080001f8   0x080001f8   0x00000000   Code   RO          343    .ARM.Collect$$rtentry$$00000000  c_w.l(__rtentry.o)
    0x080001f8   0x080001f8   0x00000000   Code   RO          347    .ARM.Collect$$rtentry$$00000002  c_w.l(__rtentry2.o)
    0x080001f8   0x080001f8   0x00000006   Code   RO          359    .ARM.Collect$$rtentry$$00000004  c_w.l(__rtentry4.o)
    0x080001fe   0x080001fe   0x00000000   Code   RO          349    .ARM.Collect$$rtentry$$00000009  c_w.l(__rtentry2.o)
    0x080001fe   0x080001fe   0x00000004   Code   RO          350    .ARM.Collect$$rtentry$$0000000A  c_w.l(__rtentry2.o)
    0x08000202   0x08000202   0x00000000   Code   RO          352    .ARM.Collect$$rtentry$$0000000C  c_w.l(__rtentry2.o)
    0x08000202   0x08000202   0x00000008   Code   RO          353    .ARM.Collect$$rtentry$$0000000D  c_w.l(__rtentry2.o)
    0x0800020a   0x0800020a   0x00000002   Code   RO          374    .ARM.Collect$$rtexit$$00000000  c_w.l(rtexit.o)
    0x0800020c   0x0800020c   0x00000000   Code   RO          422    .ARM.Collect$$rtexit$$00000002  c_w.l(rtexit2.o)
    0x0800020c   0x0800020c   0x00000004   Code   RO          423    .ARM.Collect$$rtexit$$00000003  c_w.l(rtexit2.o)
    0x08000210   0x08000210   0x00000006   Code   RO          424    .ARM.Collect$$rtexit$$00000004  c_w.l(rtexit2.o)
    0x08000216   0x08000216   0x00000002   PAD
    0x08000218   0x08000218   0x00000040   Code   RO          312    .text               startup_stm32f401xe.o
    0x08000258   0x08000258   0x0000008a   Code   RO          335    .text               c_w.l(rt_memcpy_v6.o)
    0x080002e2   0x080002e2   0x0000004e   Code   RO          337    .text               c_w.l(rt_memclr_w.o)
    0x08000330   0x08000330   0x00000006   Code   RO          339    .text               c_w.l(heapauxi.o)
    0x08000336   0x08000336   0x00000064   Code   RO          344    .text               c_w.l(rt_memcpy_w.o)
    0x0800039a   0x0800039a   0x0000004a   Code   RO          361    .text               c_w.l(sys_stackheap_outer.o)
    0x080003e4   0x080003e4   0x00000012   Code   RO          363    .text               c_w.l(exit.o)
    0x080003f6   0x080003f6   0x00000002   PAD
    0x080003f8   0x080003f8   0x00000008   Code   RO          371    .text               c_w.l(libspace.o)
    0x08000400   0x08000400   0x0000000c   Code   RO          432    .text               c_w.l(sys_exit.o)
    0x0800040c   0x0800040c   0x00000002   Code   RO          447    .text               c_w.l(use_no_semi.o)
    0x0800040e   0x0800040e   0x00000000   Code   RO          449    .text               c_w.l(indicate_semi.o)
    0x0800040e   0x0800040e   0x00000002   PAD
    0x08000410   0x08000410   0x00000002   Code   RO           21    .text.BusFault_Handler  stm32f4xx_it.o
    0x08000412   0x08000412   0x00000002   PAD
    0x08000414   0x08000414   0x00000002   Code   RO           89    .text.DMA2_Stream2_IRQHandler  board_uart1.o
    0x08000416   0x08000416   0x00000002   PAD
    0x08000418   0x08000418   0x00000002   Code   RO           27    .text.DebugMon_Handler  stm32f4xx_it.o
    0x0800041a   0x0800041a   0x00000002   PAD
    0x0800041c   0x0800041c   0x00000002   Code   RO           17    .text.HardFault_Handler  stm32f4xx_it.o
    0x0800041e   0x0800041e   0x00000002   PAD
    0x08000420   0x08000420   0x00000002   Code   RO           19    .text.MemManage_Handler  stm32f4xx_it.o
    0x08000422   0x08000422   0x00000002   PAD
    0x08000424   0x08000424   0x00000002   Code   RO           15    .text.NMI_Handler   stm32f4xx_it.o
    0x08000426   0x08000426   0x00000002   PAD
    0x08000428   0x08000428   0x00000032   Code   RO           83    .text.NVIC_EncodePriority  board_uart1.o
    0x0800045a   0x0800045a   0x00000002   PAD
    0x0800045c   0x0800045c   0x00000032   Code   RO          271    .text.NVIC_EncodePriority  mcu_tim11.o
    0x0800048e   0x0800048e   0x00000002   PAD
    0x08000490   0x08000490   0x00000002   Code   RO           29    .text.PendSV_Handler  stm32f4xx_it.o
    0x08000492   0x08000492   0x00000002   PAD
    0x08000494   0x08000494   0x00000002   Code   RO           25    .text.SVC_Handler   stm32f4xx_it.o
    0x08000496   0x08000496   0x00000002   PAD
    0x08000498   0x08000498   0x00000002   Code   RO           31    .text.SysTick_Handler  stm32f4xx_it.o
    0x0800049a   0x0800049a   0x00000002   PAD
    0x0800049c   0x0800049c   0x00000012   Code   RO          319    .text.SystemInit    system_stm32f4xx_1.o
    0x080004ae   0x080004ae   0x00000002   PAD
    0x080004b0   0x080004b0   0x0000001c   Code   RO          281    .text.TIM11_Delay_ms  mcu_tim11.o
    0x080004cc   0x080004cc   0x0000002c   Code   RO          279    .text.TIM11_Delay_us  mcu_tim11.o
    0x080004f8   0x080004f8   0x0000002e   Code   RO          277    .text.TIM1_TRG_COM_TIM11_IRQHandler  mcu_tim11.o
    0x08000526   0x08000526   0x00000002   PAD
    0x08000528   0x08000528   0x0000002e   Code   RO           87    .text.USART1_IRQHandler  board_uart1.o
    0x08000556   0x08000556   0x00000002   PAD
    0x08000558   0x08000558   0x00000002   Code   RO           23    .text.UsageFault_Handler  stm32f4xx_it.o
    0x0800055a   0x0800055a   0x00000002   PAD
    0x0800055c   0x0800055c   0x0000000e   Code   RO           85    .text.__NVIC_EnableIRQ  board_uart1.o
    0x0800056a   0x0800056a   0x00000002   PAD
    0x0800056c   0x0800056c   0x00000010   Code   RO          275    .text.__NVIC_EnableIRQ  mcu_tim11.o
    0x0800057c   0x0800057c   0x00000010   Code   RO           79    .text.__NVIC_GetPriorityGrouping  board_uart1.o
    0x0800058c   0x0800058c   0x00000010   Code   RO          269    .text.__NVIC_GetPriorityGrouping  mcu_tim11.o
    0x0800059c   0x0800059c   0x0000000e   Code   RO           81    .text.__NVIC_SetPriority  board_uart1.o
    0x080005aa   0x080005aa   0x00000002   PAD
    0x080005ac   0x080005ac   0x0000000e   Code   RO          273    .text.__NVIC_SetPriority  mcu_tim11.o
    0x080005ba   0x080005ba   0x00000002   PAD
    0x080005bc   0x080005bc   0x0000001c   Code   RO            4    .text.__NVIC_SetPriorityGrouping  main.o
    0x080005d8   0x080005d8   0x00000048   Code   RO           40    .text.board_key_init  board_key.o
    0x08000620   0x08000620   0x00000040   Code   RO           56    .text.board_led_init  board_led.o
    0x08000660   0x08000660   0x00000012   Code   RO           58    .text.board_led_off  board_led.o
    0x08000672   0x08000672   0x00000002   PAD
    0x08000674   0x08000674   0x0000001a   Code   RO           62    .text.board_led_toggle  board_led.o
    0x0800068e   0x0800068e   0x00000002   PAD
    0x08000690   0x08000690   0x00000042   Code   RO           75    .text.board_uart1_get_char  board_uart1.o
    0x080006d2   0x080006d2   0x00000002   PAD
    0x080006d4   0x080006d4   0x000000b2   Code   RO           77    .text.board_uart1_init  board_uart1.o
    0x08000786   0x08000786   0x00000002   PAD
    0x08000788   0x08000788   0x00000014   Code   RO           71    .text.board_uart1_send_char  board_uart1.o
    0x0800079c   0x0800079c   0x0000001c   Code   RO           73    .text.board_uart1_send_string  board_uart1.o
    0x080007b8   0x080007b8   0x00000014   Code   RO           93    .text.handle_data_pack  board_uart1.o
    0x080007cc   0x080007cc   0x00000048   Code   RO           95    .text.handle_error_pack  board_uart1.o
    0x08000814   0x08000814   0x00000028   Code   RO            2    .text.main          main.o
    0x0800083c   0x0800083c   0x0000006c   Code   RO          267    .text.mcu_tim11_init  mcu_tim11.o
    0x080008a8   0x080008a8   0x00000040   Code   RO          296    .text.rb_get_free_len  rb.o
    0x080008e8   0x080008e8   0x00000040   Code   RO          300    .text.rb_get_len_can_read  rb.o
    0x08000928   0x08000928   0x00000024   Code   RO          292    .text.rb_init       rb.o
    0x0800094c   0x0800094c   0x00000088   Code   RO          298    .text.rb_read       rb.o
    0x080009d4   0x080009d4   0x00000088   Code   RO          294    .text.rb_write      rb.o
    0x08000a5c   0x08000a5c   0x00000106   Code   RO           91    .text.uart1_datapack_handler  board_uart1.o
    0x08000b62   0x08000b62   0x00000002   PAD
    0x08000b64   0x08000b64   0x00000062   Code   RO           97    .text.uart_data_pack_send  board_uart1.o
    0x08000bc6   0x08000bc6   0x0000001a   Code   RO          430    x$fpl$fpinit        fz_wm.l(fpinit.o)
    0x08000be0   0x08000be0   0x00000010   Data   RO          505    Region$$Table       anon$$obj.o


    Execution Region RW_IRAM1 (Exec base: 0x20000000, Load base: 0x08000bf0, Size: 0x00001e88, Max: 0x00018000, ABSOLUTE)

    Exec Addr    Load Addr    Size         Type   Attr      Idx    E Section Name        Object

    0x20000000        -       0x00000060   Zero   RW          372    .bss                c_w.l(libspace.o)
    0x20000060        -       0x00000800   Zero   RW          101    .bss.buffer         board_uart1.o
    0x20000860        -       0x00000004   Zero   RW          102    .bss.buffer_index   board_uart1.o
    0x20000864        -       0x00000800   Zero   RW          107    .bss.send_buffer    board_uart1.o
    0x20001064        -       0x00000001   Zero   RW          103    .bss.status         board_uart1.o
    0x20001065   0x08000bf0   0x00000003   PAD
    0x20001068        -       0x00000004   Zero   RW          283    .bss.tim11_flag     mcu_tim11.o
    0x2000106c        -       0x00000004   Zero   RW          105    .bss.uart1_datapack_handler.data_len  board_uart1.o
    0x20001070        -       0x00000001   Zero   RW          106    .bss.uart1_datapack_handler.data_len_recv_flag  board_uart1.o
    0x20001071        -       0x00000001   Zero   RW          104    .bss.uart1_datapack_handler.recv_char  board_uart1.o
    0x20001072   0x08000bf0   0x00000002   PAD
    0x20001074        -       0x00000010   Zero   RW           99    .bss.usart1_rb_handle  board_uart1.o
    0x20001084        -       0x00000800   Zero   RW          100    .bss.usart1_rx_rxne_rb  board_uart1.o
    0x20001884   0x08000bf0   0x00000004   PAD
    0x20001888        -       0x00000200   Zero   RW          310    HEAP                startup_stm32f401xe.o
    0x20001a88        -       0x00000400   Zero   RW          309    STACK               startup_stm32f401xe.o


==============================================================================

Image component sizes


      Code (inc. data)   RO Data    RW Data    ZI Data      Debug   Object Name

        72          0          0          0          0       2467   board_key.o
       108          0          0          0          0       1978   board_led.o
       886         52          0          0       6171       9183   board_uart1.o
        68          0          0          0          0       1472   main.o
       322          0          0          0          4       6089   mcu_tim11.o
       436          0          0          0          0       2689   rb.o
        64         26        404          0       1536        896   startup_stm32f401xe.o
        18          0          0          0          0       1003   stm32f4xx_it.o
        18          0          0          0          0       2701   system_stm32f4xx_1.o

    ----------------------------------------------------------------------
      2038         78        420          0       7720      28478   Object Totals
         0          0         16          0          0          0   (incl. Generated)
        46          0          0          0          9          0   (incl. Padding)

    ----------------------------------------------------------------------

      Code (inc. data)   RO Data    RW Data    ZI Data      Debug   Library Member Name

         8          0          0          0          0         68   __main.o
         0          0          0          0          0          0   __rtentry.o
        12          0          0          0          0          0   __rtentry2.o
         6          0          0          0          0          0   __rtentry4.o
        52          8          0          0          0          0   __scatter.o
        28          0          0          0          0          0   __scatter_zi.o
        18          0          0          0          0         80   exit.o
         6          0          0          0          0        152   heapauxi.o
         0          0          0          0          0          0   indicate_semi.o
         2          0          0          0          0          0   libinit.o
         6          0          0          0          0          0   libinit2.o
         2          0          0          0          0          0   libshutdown.o
         2          0          0          0          0          0   libshutdown2.o
         8          4          0          0         96         68   libspace.o
        78          0          0          0          0         80   rt_memclr_w.o
       138          0          0          0          0         68   rt_memcpy_v6.o
       100          0          0          0          0         80   rt_memcpy_w.o
         2          0          0          0          0          0   rtexit.o
        10          0          0          0          0          0   rtexit2.o
        12          4          0          0          0         68   sys_exit.o
        74          0          0          0          0         80   sys_stackheap_outer.o
         2          0          0          0          0         68   use_no_semi.o
        26          0          0          0          0        116   fpinit.o

    ----------------------------------------------------------------------
       598         16          0          0         96        928   Library Totals
         6          0          0          0          0          0   (incl. Padding)

    ----------------------------------------------------------------------

      Code (inc. data)   RO Data    RW Data    ZI Data      Debug   Library Name

       566         16          0          0         96        812   c_w.l
        26          0          0          0          0        116   fz_wm.l

    ----------------------------------------------------------------------
       598         16          0          0         96        928   Library Totals

    ----------------------------------------------------------------------

==============================================================================


      Code (inc. data)   RO Data    RW Data    ZI Data      Debug   

      2636         94        420          0       7816      28886   Grand Totals
      2636         94        420          0       7816      28886   ELF Image Totals
      2636         94        420          0          0          0   ROM Totals

==============================================================================

    Total RO  Size (Code + RO Data)                 3056 (   2.98kB)
    Total RW  Size (RW Data + ZI Data)              7816 (   7.63kB)
    Total ROM Size (Code + RO Data + RW Data)       3056 (   2.98kB)

==============================================================================

